<?xml version="1.0" encoding="ISO-8859-1" ?>
<link_info>
   <banner>TI ARM Linker PC v20.2.4.LTS</banner>
   <copyright>Copyright (c) 1996-2018 Texas Instruments Incorporated</copyright>
   <link_time>0x60617c07</link_time>
   <link_errors>0x0</link_errors>
   <output_file>FreeRTOS-base.out</output_file>
   <entry_point>
      <name>_c_int00_noargs</name>
      <address>0x4b71</address>
   </entry_point>
   <input_file_list>
      <input_file id="fl-2">
         <path>.\</path>
         <kind>object</kind>
         <file>main.obj</file>
         <name>main.obj</name>
      </input_file>
      <input_file id="fl-3">
         <path>.\</path>
         <kind>object</kind>
         <file>startup_msp432p401r_ccs.obj</file>
         <name>startup_msp432p401r_ccs.obj</name>
      </input_file>
      <input_file id="fl-4">
         <path>.\</path>
         <kind>object</kind>
         <file>system_msp432p401r.obj</file>
         <name>system_msp432p401r.obj</name>
      </input_file>
      <input_file id="fl-5">
         <path>.\FreeRTOS\</path>
         <kind>object</kind>
         <file>croutine.obj</file>
         <name>croutine.obj</name>
      </input_file>
      <input_file id="fl-6">
         <path>.\FreeRTOS\</path>
         <kind>object</kind>
         <file>event_groups.obj</file>
         <name>event_groups.obj</name>
      </input_file>
      <input_file id="fl-7">
         <path>.\FreeRTOS\</path>
         <kind>object</kind>
         <file>heap_4.obj</file>
         <name>heap_4.obj</name>
      </input_file>
      <input_file id="fl-8">
         <path>.\FreeRTOS\</path>
         <kind>object</kind>
         <file>list.obj</file>
         <name>list.obj</name>
      </input_file>
      <input_file id="fl-9">
         <path>.\FreeRTOS\</path>
         <kind>object</kind>
         <file>queue.obj</file>
         <name>queue.obj</name>
      </input_file>
      <input_file id="fl-a">
         <path>.\FreeRTOS\</path>
         <kind>object</kind>
         <file>stream_buffer.obj</file>
         <name>stream_buffer.obj</name>
      </input_file>
      <input_file id="fl-b">
         <path>.\FreeRTOS\</path>
         <kind>object</kind>
         <file>tasks.obj</file>
         <name>tasks.obj</name>
      </input_file>
      <input_file id="fl-c">
         <path>.\FreeRTOS\</path>
         <kind>object</kind>
         <file>timers.obj</file>
         <name>timers.obj</name>
      </input_file>
      <input_file id="fl-d">
         <path>.\FreeRTOS\portable\</path>
         <kind>object</kind>
         <file>port.obj</file>
         <name>port.obj</name>
      </input_file>
      <input_file id="fl-e">
         <path>.\FreeRTOS\portable\</path>
         <kind>object</kind>
         <file>portasm.obj</file>
         <name>portasm.obj</name>
      </input_file>
      <input_file id="fl-12">
         <kind>object</kind>
         <file>&lt;internal&gt;</file>
         <name>&lt;internal&gt;</name>
      </input_file>
      <input_file id="fl-c8">
         <path>C:\Users\13478\Desktop\ece353\ccs\tools\compiler\ti-cgt-arm_20.2.4.LTS\lib\</path>
         <kind>archive</kind>
         <file>rtsv7M4_T_le_v4SPD16_eabi.lib</file>
         <name>memset_t2.asm.obj</name>
      </input_file>
      <input_file id="fl-c9">
         <path>C:\Users\13478\Desktop\ece353\ccs\tools\compiler\ti-cgt-arm_20.2.4.LTS\lib\</path>
         <kind>archive</kind>
         <file>rtsv7M4_T_le_v4SPD16_eabi.lib</file>
         <name>memcpy_t2.asm.obj</name>
      </input_file>
      <input_file id="fl-ca">
         <path>C:\Users\13478\Desktop\ece353\ccs\tools\compiler\ti-cgt-arm_20.2.4.LTS\lib\</path>
         <kind>archive</kind>
         <file>rtsv7M4_T_le_v4SPD16_eabi.lib</file>
         <name>copy_zero_init.c.obj</name>
      </input_file>
      <input_file id="fl-cb">
         <path>C:\Users\13478\Desktop\ece353\ccs\tools\compiler\ti-cgt-arm_20.2.4.LTS\lib\</path>
         <kind>archive</kind>
         <file>rtsv7M4_T_le_v4SPD16_eabi.lib</file>
         <name>copy_decompress_none.c.obj</name>
      </input_file>
      <input_file id="fl-cc">
         <path>C:\Users\13478\Desktop\ece353\ccs\tools\compiler\ti-cgt-arm_20.2.4.LTS\lib\</path>
         <kind>archive</kind>
         <file>rtsv7M4_T_le_v4SPD16_eabi.lib</file>
         <name>copy_decompress_lzss.c.obj</name>
      </input_file>
      <input_file id="fl-cd">
         <path>C:\Users\13478\Desktop\ece353\ccs\tools\compiler\ti-cgt-arm_20.2.4.LTS\lib\</path>
         <kind>archive</kind>
         <file>rtsv7M4_T_le_v4SPD16_eabi.lib</file>
         <name>boot_cortex_m.c.obj</name>
      </input_file>
      <input_file id="fl-ce">
         <path>C:\Users\13478\Desktop\ece353\ccs\tools\compiler\ti-cgt-arm_20.2.4.LTS\lib\</path>
         <kind>archive</kind>
         <file>rtsv7M4_T_le_v4SPD16_eabi.lib</file>
         <name>autoinit.c.obj</name>
      </input_file>
      <input_file id="fl-cf">
         <path>C:\Users\13478\Desktop\ece353\ccs\tools\compiler\ti-cgt-arm_20.2.4.LTS\lib\</path>
         <kind>archive</kind>
         <file>rtsv7M4_T_le_v4SPD16_eabi.lib</file>
         <name>pre_init.c.obj</name>
      </input_file>
      <input_file id="fl-d0">
         <path>C:\Users\13478\Desktop\ece353\ccs\tools\compiler\ti-cgt-arm_20.2.4.LTS\lib\</path>
         <kind>archive</kind>
         <file>rtsv7M4_T_le_v4SPD16_eabi.lib</file>
         <name>cpy_tbl.c.obj</name>
      </input_file>
      <input_file id="fl-d1">
         <path>C:\Users\13478\Desktop\ece353\ccs\tools\compiler\ti-cgt-arm_20.2.4.LTS\lib\</path>
         <kind>archive</kind>
         <file>rtsv7M4_T_le_v4SPD16_eabi.lib</file>
         <name>exit.c.obj</name>
      </input_file>
      <input_file id="fl-d2">
         <path>C:\Users\13478\Desktop\ece353\ccs\tools\compiler\ti-cgt-arm_20.2.4.LTS\lib\</path>
         <kind>archive</kind>
         <file>rtsv7M4_T_le_v4SPD16_eabi.lib</file>
         <name>_lock.c.obj</name>
      </input_file>
      <input_file id="fl-d3">
         <path>C:\Users\13478\Desktop\ece353\ccs\tools\compiler\ti-cgt-arm_20.2.4.LTS\lib\</path>
         <kind>archive</kind>
         <file>rtsv7M4_T_le_v4SPD16_eabi.lib</file>
         <name>args_main.c.obj</name>
      </input_file>
   </input_file_list>
   <object_component_list>
      <object_component id="oc-26">
         <name>.intvecs:retain</name>
         <load_address>0x0</load_address>
         <run_address>0x0</run_address>
         <size>0xe4</size>
         <input_file_ref idref="fl-3"/>
      </object_component>
      <object_component id="oc-bd">
         <name>.text</name>
         <load_address>0xe4</load_address>
         <run_address>0xe4</run_address>
         <size>0x20c8</size>
         <input_file_ref idref="fl-b"/>
      </object_component>
      <object_component id="oc-1ed">
         <name>.text</name>
         <load_address>0x21ac</load_address>
         <run_address>0x21ac</run_address>
         <size>0x1110</size>
         <input_file_ref idref="fl-9"/>
      </object_component>
      <object_component id="oc-15d">
         <name>.text</name>
         <load_address>0x32bc</load_address>
         <run_address>0x32bc</run_address>
         <size>0x7a4</size>
         <input_file_ref idref="fl-c"/>
      </object_component>
      <object_component id="oc-145">
         <name>.text</name>
         <load_address>0x3a60</load_address>
         <run_address>0x3a60</run_address>
         <size>0x454</size>
         <input_file_ref idref="fl-7"/>
      </object_component>
      <object_component id="oc-72">
         <name>.text</name>
         <load_address>0x3eb4</load_address>
         <run_address>0x3eb4</run_address>
         <size>0x438</size>
         <input_file_ref idref="fl-d"/>
      </object_component>
      <object_component id="oc-b0">
         <name>.text</name>
         <load_address>0x42ec</load_address>
         <run_address>0x42ec</run_address>
         <size>0x354</size>
         <input_file_ref idref="fl-4"/>
      </object_component>
      <object_component id="oc-9e">
         <name>.text</name>
         <load_address>0x4640</load_address>
         <run_address>0x4640</run_address>
         <size>0x168</size>
         <input_file_ref idref="fl-2"/>
      </object_component>
      <object_component id="oc-14b">
         <name>.text</name>
         <load_address>0x47a8</load_address>
         <run_address>0x47a8</run_address>
         <size>0x12a</size>
         <input_file_ref idref="fl-8"/>
      </object_component>
      <object_component id="oc-6d">
         <name>.text</name>
         <load_address>0x48d4</load_address>
         <run_address>0x48d4</run_address>
         <size>0xda</size>
         <input_file_ref idref="fl-e"/>
      </object_component>
      <object_component id="oc-37">
         <name>.text</name>
         <load_address>0x49ae</load_address>
         <run_address>0x49ae</run_address>
         <size>0x9c</size>
         <input_file_ref idref="fl-c9"/>
      </object_component>
      <object_component id="oc-92">
         <name>.text</name>
         <load_address>0x4a4a</load_address>
         <run_address>0x4a4a</run_address>
         <size>0x7a</size>
         <input_file_ref idref="fl-c8"/>
      </object_component>
      <object_component id="oc-17">
         <name>.text:decompress:lzss:__TI_decompress_lzss</name>
         <load_address>0x4ac4</load_address>
         <run_address>0x4ac4</run_address>
         <size>0x68</size>
         <input_file_ref idref="fl-cc"/>
      </object_component>
      <object_component id="oc-105">
         <name>.text:__TI_auto_init_nobinit_nopinit:__TI_auto_init_nobinit_nopinit</name>
         <load_address>0x4b2c</load_address>
         <run_address>0x4b2c</run_address>
         <size>0x44</size>
         <input_file_ref idref="fl-ce"/>
      </object_component>
      <object_component id="oc-55">
         <name>.text:_c_int00_noargs:_c_int00_noargs</name>
         <load_address>0x4b70</load_address>
         <run_address>0x4b70</run_address>
         <size>0x34</size>
         <input_file_ref idref="fl-cd"/>
      </object_component>
      <object_component id="oc-1d">
         <name>.text:decompress:none:__TI_decompress_none</name>
         <load_address>0x4ba4</load_address>
         <run_address>0x4ba4</run_address>
         <size>0xe</size>
         <input_file_ref idref="fl-cb"/>
      </object_component>
      <object_component id="oc-67">
         <name>.text</name>
         <load_address>0x4bb2</load_address>
         <run_address>0x4bb2</run_address>
         <size>0xe</size>
         <input_file_ref idref="fl-3"/>
      </object_component>
      <object_component id="oc-49">
         <name>.text:decompress:ZI:__TI_zero_init</name>
         <load_address>0x4bc0</load_address>
         <run_address>0x4bc0</run_address>
         <size>0xc</size>
         <input_file_ref idref="fl-ca"/>
      </object_component>
      <object_component id="oc-98">
         <name>.text:_system_pre_init</name>
         <load_address>0x4bcc</load_address>
         <run_address>0x4bcc</run_address>
         <size>0x4</size>
         <input_file_ref idref="fl-cf"/>
      </object_component>
      <object_component id="oc-f9">
         <name>.text:abort:abort</name>
         <load_address>0x4bd0</load_address>
         <run_address>0x4bd0</run_address>
         <size>0x4</size>
         <input_file_ref idref="fl-d1"/>
      </object_component>
      <object_component id="oc-ba">
         <name>.const</name>
         <load_address>0x4bd4</load_address>
         <run_address>0x4bd4</run_address>
         <size>0x8</size>
         <input_file_ref idref="fl-d"/>
      </object_component>
      <object_component id="oc-166">
         <name>.const</name>
         <load_address>0x4bdc</load_address>
         <run_address>0x4bdc</run_address>
         <size>0x4</size>
         <input_file_ref idref="fl-b"/>
      </object_component>
      <object_component id="oc-2ba">
         <name>.cinit..data.load</name>
         <load_address>0x4be0</load_address>
         <run_address>0x4be0</run_address>
         <size>0x17</size>
      </object_component>
      <object_component id="oc-2b8">
         <name>__TI_handler_table</name>
         <load_address>0x4bf8</load_address>
         <run_address>0x4bf8</run_address>
         <size>0xc</size>
      </object_component>
      <object_component id="oc-2bb">
         <name>.cinit..bss.load</name>
         <load_address>0x4c08</load_address>
         <run_address>0x4c08</run_address>
         <size>0x8</size>
      </object_component>
      <object_component id="oc-2b9">
         <name>__TI_cinit_table</name>
         <load_address>0x4c10</load_address>
         <run_address>0x4c10</run_address>
         <size>0x10</size>
      </object_component>
      <object_component id="oc-28c">
         <name>.binit</name>
         <load_address>0x0</load_address>
         <run_address>0x0</run_address>
         <size>0x0</size>
      </object_component>
      <object_component id="oc-ef">
         <name>.data</name>
         <load_address>0x200081dc</load_address>
         <run_address>0x200081dc</run_address>
         <size>0x8</size>
         <input_file_ref idref="fl-2"/>
      </object_component>
      <object_component id="oc-137">
         <name>.data</name>
         <load_address>0x200081e4</load_address>
         <run_address>0x200081e4</run_address>
         <size>0x4</size>
         <input_file_ref idref="fl-4"/>
      </object_component>
      <object_component id="oc-1d8">
         <name>.data</name>
         <load_address>0x200081a0</load_address>
         <run_address>0x200081a0</run_address>
         <size>0x18</size>
         <input_file_ref idref="fl-7"/>
      </object_component>
      <object_component id="oc-b7">
         <name>.data</name>
         <load_address>0x2000816c</load_address>
         <run_address>0x2000816c</run_address>
         <size>0x34</size>
         <input_file_ref idref="fl-b"/>
      </object_component>
      <object_component id="oc-1f3">
         <name>.data</name>
         <load_address>0x200081d0</load_address>
         <run_address>0x200081d0</run_address>
         <size>0xc</size>
         <input_file_ref idref="fl-c"/>
      </object_component>
      <object_component id="oc-c4">
         <name>.data</name>
         <load_address>0x200081b8</load_address>
         <run_address>0x200081b8</run_address>
         <size>0x18</size>
         <input_file_ref idref="fl-d"/>
      </object_component>
      <object_component id="oc-1de">
         <name>.bss:ucHeap</name>
         <uninitialized>true</uninitialized>
         <run_address>0x20000000</run_address>
         <size>0x8000</size>
         <input_file_ref idref="fl-7"/>
      </object_component>
      <object_component id="oc-1db">
         <name>.bss:xStart</name>
         <uninitialized>true</uninitialized>
         <run_address>0x20008164</run_address>
         <size>0x8</size>
         <input_file_ref idref="fl-7"/>
      </object_component>
      <object_component id="oc-151">
         <name>.bss:pxReadyTasksLists</name>
         <uninitialized>true</uninitialized>
         <run_address>0x20008000</run_address>
         <size>0xc8</size>
         <input_file_ref idref="fl-b"/>
      </object_component>
      <object_component id="oc-169">
         <name>.bss:xDelayedTaskList1</name>
         <uninitialized>true</uninitialized>
         <run_address>0x200080f0</run_address>
         <size>0x14</size>
         <input_file_ref idref="fl-b"/>
      </object_component>
      <object_component id="oc-16c">
         <name>.bss:xDelayedTaskList2</name>
         <uninitialized>true</uninitialized>
         <run_address>0x20008104</run_address>
         <size>0x14</size>
         <input_file_ref idref="fl-b"/>
      </object_component>
      <object_component id="oc-157">
         <name>.bss</name>
         <uninitialized>true</uninitialized>
         <run_address>0x20008154</run_address>
         <size>0x8</size>
         <input_file_ref idref="fl-b"/>
      </object_component>
      <object_component id="oc-163">
         <name>.bss:xPendingReadyList</name>
         <uninitialized>true</uninitialized>
         <run_address>0x20008118</run_address>
         <size>0x14</size>
         <input_file_ref idref="fl-b"/>
      </object_component>
      <object_component id="oc-154">
         <name>.bss:xTasksWaitingTermination</name>
         <uninitialized>true</uninitialized>
         <run_address>0x20008140</run_address>
         <size>0x14</size>
         <input_file_ref idref="fl-b"/>
      </object_component>
      <object_component id="oc-15a">
         <name>.bss:xSuspendedTaskList</name>
         <uninitialized>true</uninitialized>
         <run_address>0x2000812c</run_address>
         <size>0x14</size>
         <input_file_ref idref="fl-b"/>
      </object_component>
      <object_component id="oc-1f9">
         <name>.bss:xActiveTimerList1</name>
         <uninitialized>true</uninitialized>
         <run_address>0x200080c8</run_address>
         <size>0x14</size>
         <input_file_ref idref="fl-c"/>
      </object_component>
      <object_component id="oc-1fc">
         <name>.bss:xActiveTimerList2</name>
         <uninitialized>true</uninitialized>
         <run_address>0x200080dc</run_address>
         <size>0x14</size>
         <input_file_ref idref="fl-c"/>
      </object_component>
      <object_component id="oc-1f6">
         <name>.bss</name>
         <uninitialized>true</uninitialized>
         <run_address>0x2000815c</run_address>
         <size>0x8</size>
         <input_file_ref idref="fl-c"/>
      </object_component>
      <object_component id="oc-29">
         <name>.stack</name>
         <uninitialized>true</uninitialized>
         <run_address>0x2000fe00</run_address>
         <size>0x4</size>
         <input_file_ref idref="fl-cd"/>
      </object_component>
      <object_component id="oc-2bd">
         <name>.stack</name>
         <uninitialized>true</uninitialized>
         <run_address>0x2000fe00</run_address>
         <size>0x0</size>
      </object_component>
      <object_component id="oc-f3">
         <name>.debug_info</name>
         <load_address>0x0</load_address>
         <run_address>0x0</run_address>
         <size>0x70d</size>
         <input_file_ref idref="fl-2"/>
      </object_component>
      <object_component id="oc-f0">
         <name>.debug_info</name>
         <load_address>0x70d</load_address>
         <run_address>0x70d</run_address>
         <size>0x13c</size>
         <input_file_ref idref="fl-2"/>
      </object_component>
      <object_component id="oc-9f">
         <name>.debug_info</name>
         <load_address>0x849</load_address>
         <run_address>0x849</run_address>
         <size>0x48e</size>
         <input_file_ref idref="fl-2"/>
      </object_component>
      <object_component id="oc-f4">
         <name>.debug_info</name>
         <load_address>0xcd7</load_address>
         <run_address>0xcd7</run_address>
         <size>0x315</size>
         <input_file_ref idref="fl-2"/>
      </object_component>
      <object_component id="oc-18c">
         <name>.debug_info</name>
         <load_address>0xfec</load_address>
         <run_address>0xfec</run_address>
         <size>0x37e2</size>
         <input_file_ref idref="fl-2"/>
      </object_component>
      <object_component id="oc-da">
         <name>.debug_info</name>
         <load_address>0x47ce</load_address>
         <run_address>0x47ce</run_address>
         <size>0x26b</size>
         <input_file_ref idref="fl-2"/>
      </object_component>
      <object_component id="oc-191">
         <name>.debug_info</name>
         <load_address>0x4a39</load_address>
         <run_address>0x4a39</run_address>
         <size>0x1055</size>
         <input_file_ref idref="fl-2"/>
      </object_component>
      <object_component id="oc-19b">
         <name>.debug_info</name>
         <load_address>0x5a8e</load_address>
         <run_address>0x5a8e</run_address>
         <size>0x48b</size>
         <input_file_ref idref="fl-2"/>
      </object_component>
      <object_component id="oc-32">
         <name>.debug_info</name>
         <load_address>0x5f19</load_address>
         <run_address>0x5f19</run_address>
         <size>0x84</size>
         <input_file_ref idref="fl-2"/>
      </object_component>
      <object_component id="oc-c9">
         <name>.debug_info</name>
         <load_address>0x5f9d</load_address>
         <run_address>0x5f9d</run_address>
         <size>0x2c</size>
         <input_file_ref idref="fl-2"/>
      </object_component>
      <object_component id="oc-183">
         <name>.debug_info</name>
         <load_address>0x5fc9</load_address>
         <run_address>0x5fc9</run_address>
         <size>0x2a4</size>
         <input_file_ref idref="fl-2"/>
      </object_component>
      <object_component id="oc-d3">
         <name>.debug_info</name>
         <load_address>0x626d</load_address>
         <run_address>0x626d</run_address>
         <size>0xbb</size>
         <input_file_ref idref="fl-2"/>
      </object_component>
      <object_component id="oc-ce">
         <name>.debug_info</name>
         <load_address>0x6328</load_address>
         <run_address>0x6328</run_address>
         <size>0x53</size>
         <input_file_ref idref="fl-2"/>
      </object_component>
      <object_component id="oc-196">
         <name>.debug_info</name>
         <load_address>0x637b</load_address>
         <run_address>0x637b</run_address>
         <size>0xcc</size>
         <input_file_ref idref="fl-2"/>
      </object_component>
      <object_component id="oc-179">
         <name>.debug_info</name>
         <load_address>0x6447</load_address>
         <run_address>0x6447</run_address>
         <size>0x14c</size>
         <input_file_ref idref="fl-2"/>
      </object_component>
      <object_component id="oc-7a">
         <name>.debug_info</name>
         <load_address>0x6593</load_address>
         <run_address>0x6593</run_address>
         <size>0x352</size>
         <input_file_ref idref="fl-3"/>
      </object_component>
      <object_component id="oc-27">
         <name>.debug_info</name>
         <load_address>0x68e5</load_address>
         <run_address>0x68e5</run_address>
         <size>0xfe</size>
         <input_file_ref idref="fl-3"/>
      </object_component>
      <object_component id="oc-69">
         <name>.debug_info</name>
         <load_address>0x69e3</load_address>
         <run_address>0x69e3</run_address>
         <size>0x1c5</size>
         <input_file_ref idref="fl-3"/>
      </object_component>
      <object_component id="oc-138">
         <name>.debug_info</name>
         <load_address>0x6ba8</load_address>
         <run_address>0x6ba8</run_address>
         <size>0xf7</size>
         <input_file_ref idref="fl-4"/>
      </object_component>
      <object_component id="oc-b1">
         <name>.debug_info</name>
         <load_address>0x6c9f</load_address>
         <run_address>0x6c9f</run_address>
         <size>0x269</size>
         <input_file_ref idref="fl-4"/>
      </object_component>
      <object_component id="oc-213">
         <name>.debug_info</name>
         <load_address>0x6f08</load_address>
         <run_address>0x6f08</run_address>
         <size>0x293</size>
         <input_file_ref idref="fl-5"/>
      </object_component>
      <object_component id="oc-17e">
         <name>.debug_info</name>
         <load_address>0x719b</load_address>
         <run_address>0x719b</run_address>
         <size>0x48b</size>
         <input_file_ref idref="fl-5"/>
      </object_component>
      <object_component id="oc-262">
         <name>.debug_info</name>
         <load_address>0x7626</load_address>
         <run_address>0x7626</run_address>
         <size>0xcc</size>
         <input_file_ref idref="fl-5"/>
      </object_component>
      <object_component id="oc-174">
         <name>.debug_info</name>
         <load_address>0x76f2</load_address>
         <run_address>0x76f2</run_address>
         <size>0x53</size>
         <input_file_ref idref="fl-5"/>
      </object_component>
      <object_component id="oc-235">
         <name>.debug_info</name>
         <load_address>0x7745</load_address>
         <run_address>0x7745</run_address>
         <size>0x6ee</size>
         <input_file_ref idref="fl-6"/>
      </object_component>
      <object_component id="oc-1c4">
         <name>.debug_info</name>
         <load_address>0x7e33</load_address>
         <run_address>0x7e33</run_address>
         <size>0x110</size>
         <input_file_ref idref="fl-6"/>
      </object_component>
      <object_component id="oc-1d3">
         <name>.debug_info</name>
         <load_address>0x7f43</load_address>
         <run_address>0x7f43</run_address>
         <size>0x48b</size>
         <input_file_ref idref="fl-6"/>
      </object_component>
      <object_component id="oc-278">
         <name>.debug_info</name>
         <load_address>0x83ce</load_address>
         <run_address>0x83ce</run_address>
         <size>0x76</size>
         <input_file_ref idref="fl-6"/>
      </object_component>
      <object_component id="oc-27d">
         <name>.debug_info</name>
         <load_address>0x8444</load_address>
         <run_address>0x8444</run_address>
         <size>0x39</size>
         <input_file_ref idref="fl-6"/>
      </object_component>
      <object_component id="oc-243">
         <name>.debug_info</name>
         <load_address>0x847d</load_address>
         <run_address>0x847d</run_address>
         <size>0x109</size>
         <input_file_ref idref="fl-6"/>
      </object_component>
      <object_component id="oc-1c9">
         <name>.debug_info</name>
         <load_address>0x8586</load_address>
         <run_address>0x8586</run_address>
         <size>0x4f</size>
         <input_file_ref idref="fl-6"/>
      </object_component>
      <object_component id="oc-1e2">
         <name>.debug_info</name>
         <load_address>0x85d5</load_address>
         <run_address>0x85d5</run_address>
         <size>0x52e</size>
         <input_file_ref idref="fl-7"/>
      </object_component>
      <object_component id="oc-1df">
         <name>.debug_info</name>
         <load_address>0x8b03</load_address>
         <run_address>0x8b03</run_address>
         <size>0x147</size>
         <input_file_ref idref="fl-7"/>
      </object_component>
      <object_component id="oc-1dc">
         <name>.debug_info</name>
         <load_address>0x8c4a</load_address>
         <run_address>0x8c4a</run_address>
         <size>0x147</size>
         <input_file_ref idref="fl-7"/>
      </object_component>
      <object_component id="oc-1d9">
         <name>.debug_info</name>
         <load_address>0x8d91</load_address>
         <run_address>0x8d91</run_address>
         <size>0x287</size>
         <input_file_ref idref="fl-7"/>
      </object_component>
      <object_component id="oc-147">
         <name>.debug_info</name>
         <load_address>0x9018</load_address>
         <run_address>0x9018</run_address>
         <size>0xefc</size>
         <input_file_ref idref="fl-7"/>
      </object_component>
      <object_component id="oc-23a">
         <name>.debug_info</name>
         <load_address>0x9f14</load_address>
         <run_address>0x9f14</run_address>
         <size>0x62</size>
         <input_file_ref idref="fl-7"/>
      </object_component>
      <object_component id="oc-1e4">
         <name>.debug_info</name>
         <load_address>0x9f76</load_address>
         <run_address>0x9f76</run_address>
         <size>0x3ec</size>
         <input_file_ref idref="fl-8"/>
      </object_component>
      <object_component id="oc-14c">
         <name>.debug_info</name>
         <load_address>0xa362</load_address>
         <run_address>0xa362</run_address>
         <size>0x85a</size>
         <input_file_ref idref="fl-8"/>
      </object_component>
      <object_component id="oc-250">
         <name>.debug_info</name>
         <load_address>0xabbc</load_address>
         <run_address>0xabbc</run_address>
         <size>0x952</size>
         <input_file_ref idref="fl-9"/>
      </object_component>
      <object_component id="oc-1ee">
         <name>.debug_info</name>
         <load_address>0xb50e</load_address>
         <run_address>0xb50e</run_address>
         <size>0x4ab0</size>
         <input_file_ref idref="fl-9"/>
      </object_component>
      <object_component id="oc-284">
         <name>.debug_info</name>
         <load_address>0xffbe</load_address>
         <run_address>0xffbe</run_address>
         <size>0x1ef</size>
         <input_file_ref idref="fl-9"/>
      </object_component>
      <object_component id="oc-24b">
         <name>.debug_info</name>
         <load_address>0x101ad</load_address>
         <run_address>0x101ad</run_address>
         <size>0x46</size>
         <input_file_ref idref="fl-9"/>
      </object_component>
      <object_component id="oc-e6">
         <name>.debug_info</name>
         <load_address>0x101f3</load_address>
         <run_address>0x101f3</run_address>
         <size>0x2c</size>
         <input_file_ref idref="fl-a"/>
      </object_component>
      <object_component id="oc-13d">
         <name>.debug_info</name>
         <load_address>0x1021f</load_address>
         <run_address>0x1021f</run_address>
         <size>0x901</size>
         <input_file_ref idref="fl-b"/>
      </object_component>
      <object_component id="oc-b8">
         <name>.debug_info</name>
         <load_address>0x10b20</load_address>
         <run_address>0x10b20</run_address>
         <size>0x3a3</size>
         <input_file_ref idref="fl-b"/>
      </object_component>
      <object_component id="oc-152">
         <name>.debug_info</name>
         <load_address>0x10ec3</load_address>
         <run_address>0x10ec3</run_address>
         <size>0x14c</size>
         <input_file_ref idref="fl-b"/>
      </object_component>
      <object_component id="oc-16a">
         <name>.debug_info</name>
         <load_address>0x1100f</load_address>
         <run_address>0x1100f</run_address>
         <size>0x14c</size>
         <input_file_ref idref="fl-b"/>
      </object_component>
      <object_component id="oc-16d">
         <name>.debug_info</name>
         <load_address>0x1115b</load_address>
         <run_address>0x1115b</run_address>
         <size>0x14c</size>
         <input_file_ref idref="fl-b"/>
      </object_component>
      <object_component id="oc-158">
         <name>.debug_info</name>
         <load_address>0x112a7</load_address>
         <run_address>0x112a7</run_address>
         <size>0x18f</size>
         <input_file_ref idref="fl-b"/>
      </object_component>
      <object_component id="oc-164">
         <name>.debug_info</name>
         <load_address>0x11436</load_address>
         <run_address>0x11436</run_address>
         <size>0x14c</size>
         <input_file_ref idref="fl-b"/>
      </object_component>
      <object_component id="oc-155">
         <name>.debug_info</name>
         <load_address>0x11582</load_address>
         <run_address>0x11582</run_address>
         <size>0x15a</size>
         <input_file_ref idref="fl-b"/>
      </object_component>
      <object_component id="oc-15b">
         <name>.debug_info</name>
         <load_address>0x116dc</load_address>
         <run_address>0x116dc</run_address>
         <size>0x14e</size>
         <input_file_ref idref="fl-b"/>
      </object_component>
      <object_component id="oc-167">
         <name>.debug_info</name>
         <load_address>0x1182a</load_address>
         <run_address>0x1182a</run_address>
         <size>0x14d</size>
         <input_file_ref idref="fl-b"/>
      </object_component>
      <object_component id="oc-c1">
         <name>.debug_info</name>
         <load_address>0x11977</load_address>
         <run_address>0x11977</run_address>
         <size>0x85d5</size>
         <input_file_ref idref="fl-b"/>
      </object_component>
      <object_component id="oc-13e">
         <name>.debug_info</name>
         <load_address>0x19f4c</load_address>
         <run_address>0x19f4c</run_address>
         <size>0x30c</size>
         <input_file_ref idref="fl-b"/>
      </object_component>
      <object_component id="oc-1ce">
         <name>.debug_info</name>
         <load_address>0x1a258</load_address>
         <run_address>0x1a258</run_address>
         <size>0x16e</size>
         <input_file_ref idref="fl-b"/>
      </object_component>
      <object_component id="oc-205">
         <name>.debug_info</name>
         <load_address>0x1a3c6</load_address>
         <run_address>0x1a3c6</run_address>
         <size>0x88d</size>
         <input_file_ref idref="fl-c"/>
      </object_component>
      <object_component id="oc-1fa">
         <name>.debug_info</name>
         <load_address>0x1ac53</load_address>
         <run_address>0x1ac53</run_address>
         <size>0x14c</size>
         <input_file_ref idref="fl-c"/>
      </object_component>
      <object_component id="oc-1fd">
         <name>.debug_info</name>
         <load_address>0x1ad9f</load_address>
         <run_address>0x1ad9f</run_address>
         <size>0x14c</size>
         <input_file_ref idref="fl-c"/>
      </object_component>
      <object_component id="oc-1f7">
         <name>.debug_info</name>
         <load_address>0x1aeeb</load_address>
         <run_address>0x1aeeb</run_address>
         <size>0x184</size>
         <input_file_ref idref="fl-c"/>
      </object_component>
      <object_component id="oc-1f4">
         <name>.debug_info</name>
         <load_address>0x1b06f</load_address>
         <run_address>0x1b06f</run_address>
         <size>0x170</size>
         <input_file_ref idref="fl-c"/>
      </object_component>
      <object_component id="oc-15e">
         <name>.debug_info</name>
         <load_address>0x1b1df</load_address>
         <run_address>0x1b1df</run_address>
         <size>0x2eb8</size>
         <input_file_ref idref="fl-c"/>
      </object_component>
      <object_component id="oc-206">
         <name>.debug_info</name>
         <load_address>0x1e097</load_address>
         <run_address>0x1e097</run_address>
         <size>0x1ce</size>
         <input_file_ref idref="fl-c"/>
      </object_component>
      <object_component id="oc-253">
         <name>.debug_info</name>
         <load_address>0x1e265</load_address>
         <run_address>0x1e265</run_address>
         <size>0x4f</size>
         <input_file_ref idref="fl-c"/>
      </object_component>
      <object_component id="oc-200">
         <name>.debug_info</name>
         <load_address>0x1e2b4</load_address>
         <run_address>0x1e2b4</run_address>
         <size>0x46</size>
         <input_file_ref idref="fl-c"/>
      </object_component>
      <object_component id="oc-c8">
         <name>.debug_info</name>
         <load_address>0x1e2fa</load_address>
         <run_address>0x1e2fa</run_address>
         <size>0x576</size>
         <input_file_ref idref="fl-d"/>
      </object_component>
      <object_component id="oc-bb">
         <name>.debug_info</name>
         <load_address>0x1e870</load_address>
         <run_address>0x1e870</run_address>
         <size>0x1c1</size>
         <input_file_ref idref="fl-d"/>
      </object_component>
      <object_component id="oc-c5">
         <name>.debug_info</name>
         <load_address>0x1ea31</load_address>
         <run_address>0x1ea31</run_address>
         <size>0x29c</size>
         <input_file_ref idref="fl-d"/>
      </object_component>
      <object_component id="oc-73">
         <name>.debug_info</name>
         <load_address>0x1eccd</load_address>
         <run_address>0x1eccd</run_address>
         <size>0x11cd</size>
         <input_file_ref idref="fl-d"/>
      </object_component>
      <object_component id="oc-6e">
         <name>.debug_info</name>
         <load_address>0x1fe9a</load_address>
         <run_address>0x1fe9a</run_address>
         <size>0x2ae</size>
         <input_file_ref idref="fl-e"/>
      </object_component>
      <object_component id="oc-95">
         <name>.debug_info</name>
         <load_address>0x20148</load_address>
         <run_address>0x20148</run_address>
         <size>0x147</size>
         <input_file_ref idref="fl-c8"/>
      </object_component>
      <object_component id="oc-39">
         <name>.debug_info</name>
         <load_address>0x2028f</load_address>
         <run_address>0x2028f</run_address>
         <size>0x119</size>
         <input_file_ref idref="fl-c9"/>
      </object_component>
      <object_component id="oc-91">
         <name>.debug_info</name>
         <load_address>0x203a8</load_address>
         <run_address>0x203a8</run_address>
         <size>0x2d4</size>
         <input_file_ref idref="fl-ca"/>
      </object_component>
      <object_component id="oc-4d">
         <name>.debug_info</name>
         <load_address>0x2067c</load_address>
         <run_address>0x2067c</run_address>
         <size>0x1b5</size>
         <input_file_ref idref="fl-ca"/>
      </object_component>
      <object_component id="oc-8c">
         <name>.debug_info</name>
         <load_address>0x20831</load_address>
         <run_address>0x20831</run_address>
         <size>0x46</size>
         <input_file_ref idref="fl-ca"/>
      </object_component>
      <object_component id="oc-42">
         <name>.debug_info</name>
         <load_address>0x20877</load_address>
         <run_address>0x20877</run_address>
         <size>0x2a8</size>
         <input_file_ref idref="fl-cb"/>
      </object_component>
      <object_component id="oc-20">
         <name>.debug_info</name>
         <load_address>0x20b1f</load_address>
         <run_address>0x20b1f</run_address>
         <size>0x1ea</size>
         <input_file_ref idref="fl-cb"/>
      </object_component>
      <object_component id="oc-3d">
         <name>.debug_info</name>
         <load_address>0x20d09</load_address>
         <run_address>0x20d09</run_address>
         <size>0x46</size>
         <input_file_ref idref="fl-cb"/>
      </object_component>
      <object_component id="oc-84">
         <name>.debug_info</name>
         <load_address>0x20d4f</load_address>
         <run_address>0x20d4f</run_address>
         <size>0x2c</size>
         <input_file_ref idref="fl-cb"/>
      </object_component>
      <object_component id="oc-82">
         <name>.debug_info</name>
         <load_address>0x20d7b</load_address>
         <run_address>0x20d7b</run_address>
         <size>0x29e</size>
         <input_file_ref idref="fl-cc"/>
      </object_component>
      <object_component id="oc-1b">
         <name>.debug_info</name>
         <load_address>0x21019</load_address>
         <run_address>0x21019</run_address>
         <size>0x250</size>
         <input_file_ref idref="fl-cc"/>
      </object_component>
      <object_component id="oc-2d">
         <name>.debug_info</name>
         <load_address>0x21269</load_address>
         <run_address>0x21269</run_address>
         <size>0x60</size>
         <input_file_ref idref="fl-cc"/>
      </object_component>
      <object_component id="oc-df">
         <name>.debug_info</name>
         <load_address>0x212c9</load_address>
         <run_address>0x212c9</run_address>
         <size>0x46</size>
         <input_file_ref idref="fl-cc"/>
      </object_component>
      <object_component id="oc-7d">
         <name>.debug_info</name>
         <load_address>0x2130f</load_address>
         <run_address>0x2130f</run_address>
         <size>0x39</size>
         <input_file_ref idref="fl-cc"/>
      </object_component>
      <object_component id="oc-2a">
         <name>.debug_info</name>
         <load_address>0x21348</load_address>
         <run_address>0x21348</run_address>
         <size>0x10b</size>
         <input_file_ref idref="fl-cd"/>
      </object_component>
      <object_component id="oc-58">
         <name>.debug_info</name>
         <load_address>0x21453</load_address>
         <run_address>0x21453</run_address>
         <size>0x1a9</size>
         <input_file_ref idref="fl-cd"/>
      </object_component>
      <object_component id="oc-1ab">
         <name>.debug_info</name>
         <load_address>0x215fc</load_address>
         <run_address>0x215fc</run_address>
         <size>0x4b3</size>
         <input_file_ref idref="fl-ce"/>
      </object_component>
      <object_component id="oc-109">
         <name>.debug_info</name>
         <load_address>0x21aaf</load_address>
         <run_address>0x21aaf</run_address>
         <size>0x1a6</size>
         <input_file_ref idref="fl-ce"/>
      </object_component>
      <object_component id="oc-224">
         <name>.debug_info</name>
         <load_address>0x21c55</load_address>
         <run_address>0x21c55</run_address>
         <size>0x39</size>
         <input_file_ref idref="fl-ce"/>
      </object_component>
      <object_component id="oc-26a">
         <name>.debug_info</name>
         <load_address>0x21c8e</load_address>
         <run_address>0x21c8e</run_address>
         <size>0x39</size>
         <input_file_ref idref="fl-ce"/>
      </object_component>
      <object_component id="oc-229">
         <name>.debug_info</name>
         <load_address>0x21cc7</load_address>
         <run_address>0x21cc7</run_address>
         <size>0x39</size>
         <input_file_ref idref="fl-ce"/>
      </object_component>
      <object_component id="oc-22e">
         <name>.debug_info</name>
         <load_address>0x21d00</load_address>
         <run_address>0x21d00</run_address>
         <size>0xcd</size>
         <input_file_ref idref="fl-ce"/>
      </object_component>
      <object_component id="oc-9a">
         <name>.debug_info</name>
         <load_address>0x21dcd</load_address>
         <run_address>0x21dcd</run_address>
         <size>0x153</size>
         <input_file_ref idref="fl-cf"/>
      </object_component>
      <object_component id="oc-fd">
         <name>.debug_info</name>
         <load_address>0x21f20</load_address>
         <run_address>0x21f20</run_address>
         <size>0x122</size>
         <input_file_ref idref="fl-d1"/>
      </object_component>
      <object_component id="oc-2be">
         <name>.debug_info</name>
         <load_address>0x22042</load_address>
         <run_address>0x22042</run_address>
         <size>0xaa</size>
      </object_component>
      <object_component id="oc-18b">
         <name>.debug_line</name>
         <load_address>0x0</load_address>
         <run_address>0x0</run_address>
         <size>0x93</size>
         <input_file_ref idref="fl-2"/>
      </object_component>
      <object_component id="oc-189">
         <name>.debug_line</name>
         <load_address>0x93</load_address>
         <run_address>0x93</run_address>
         <size>0x2d</size>
         <input_file_ref idref="fl-2"/>
      </object_component>
      <object_component id="oc-a2">
         <name>.debug_line</name>
         <load_address>0xc0</load_address>
         <run_address>0xc0</run_address>
         <size>0x12a</size>
         <input_file_ref idref="fl-2"/>
      </object_component>
      <object_component id="oc-f7">
         <name>.debug_line</name>
         <load_address>0x1ea</load_address>
         <run_address>0x1ea</run_address>
         <size>0x93</size>
         <input_file_ref idref="fl-2"/>
      </object_component>
      <object_component id="oc-18f">
         <name>.debug_line</name>
         <load_address>0x27d</load_address>
         <run_address>0x27d</run_address>
         <size>0x68</size>
         <input_file_ref idref="fl-2"/>
      </object_component>
      <object_component id="oc-dd">
         <name>.debug_line</name>
         <load_address>0x2e5</load_address>
         <run_address>0x2e5</run_address>
         <size>0x7f</size>
         <input_file_ref idref="fl-2"/>
      </object_component>
      <object_component id="oc-194">
         <name>.debug_line</name>
         <load_address>0x364</load_address>
         <run_address>0x364</run_address>
         <size>0x6b</size>
         <input_file_ref idref="fl-2"/>
      </object_component>
      <object_component id="oc-19e">
         <name>.debug_line</name>
         <load_address>0x3cf</load_address>
         <run_address>0x3cf</run_address>
         <size>0x97</size>
         <input_file_ref idref="fl-2"/>
      </object_component>
      <object_component id="oc-35">
         <name>.debug_line</name>
         <load_address>0x466</load_address>
         <run_address>0x466</run_address>
         <size>0x20</size>
         <input_file_ref idref="fl-2"/>
      </object_component>
      <object_component id="oc-cc">
         <name>.debug_line</name>
         <load_address>0x486</load_address>
         <run_address>0x486</run_address>
         <size>0x97</size>
         <input_file_ref idref="fl-2"/>
      </object_component>
      <object_component id="oc-186">
         <name>.debug_line</name>
         <load_address>0x51d</load_address>
         <run_address>0x51d</run_address>
         <size>0x83</size>
         <input_file_ref idref="fl-2"/>
      </object_component>
      <object_component id="oc-d6">
         <name>.debug_line</name>
         <load_address>0x5a0</load_address>
         <run_address>0x5a0</run_address>
         <size>0x80</size>
         <input_file_ref idref="fl-2"/>
      </object_component>
      <object_component id="oc-d1">
         <name>.debug_line</name>
         <load_address>0x620</load_address>
         <run_address>0x620</run_address>
         <size>0xa6</size>
         <input_file_ref idref="fl-2"/>
      </object_component>
      <object_component id="oc-199">
         <name>.debug_line</name>
         <load_address>0x6c6</load_address>
         <run_address>0x6c6</run_address>
         <size>0x7a</size>
         <input_file_ref idref="fl-2"/>
      </object_component>
      <object_component id="oc-17c">
         <name>.debug_line</name>
         <load_address>0x740</load_address>
         <run_address>0x740</run_address>
         <size>0x93</size>
         <input_file_ref idref="fl-2"/>
      </object_component>
      <object_component id="oc-d9">
         <name>.debug_line</name>
         <load_address>0x7d3</load_address>
         <run_address>0x7d3</run_address>
         <size>0x40</size>
         <input_file_ref idref="fl-3"/>
      </object_component>
      <object_component id="oc-79">
         <name>.debug_line</name>
         <load_address>0x813</load_address>
         <run_address>0x813</run_address>
         <size>0x40</size>
         <input_file_ref idref="fl-3"/>
      </object_component>
      <object_component id="oc-68">
         <name>.debug_line</name>
         <load_address>0x853</load_address>
         <run_address>0x853</run_address>
         <size>0x71</size>
         <input_file_ref idref="fl-3"/>
      </object_component>
      <object_component id="oc-1c1">
         <name>.debug_line</name>
         <load_address>0x8c4</load_address>
         <run_address>0x8c4</run_address>
         <size>0x3b</size>
         <input_file_ref idref="fl-4"/>
      </object_component>
      <object_component id="oc-b4">
         <name>.debug_line</name>
         <load_address>0x8ff</load_address>
         <run_address>0x8ff</run_address>
         <size>0x13a</size>
         <input_file_ref idref="fl-4"/>
      </object_component>
      <object_component id="oc-261">
         <name>.debug_line</name>
         <load_address>0xa39</load_address>
         <run_address>0xa39</run_address>
         <size>0x20</size>
         <input_file_ref idref="fl-5"/>
      </object_component>
      <object_component id="oc-181">
         <name>.debug_line</name>
         <load_address>0xa59</load_address>
         <run_address>0xa59</run_address>
         <size>0x97</size>
         <input_file_ref idref="fl-5"/>
      </object_component>
      <object_component id="oc-265">
         <name>.debug_line</name>
         <load_address>0xaf0</load_address>
         <run_address>0xaf0</run_address>
         <size>0x97</size>
         <input_file_ref idref="fl-5"/>
      </object_component>
      <object_component id="oc-177">
         <name>.debug_line</name>
         <load_address>0xb87</load_address>
         <run_address>0xb87</run_address>
         <size>0x7b</size>
         <input_file_ref idref="fl-5"/>
      </object_component>
      <object_component id="oc-277">
         <name>.debug_line</name>
         <load_address>0xc02</load_address>
         <run_address>0xc02</run_address>
         <size>0x203</size>
         <input_file_ref idref="fl-6"/>
      </object_component>
      <object_component id="oc-1c7">
         <name>.debug_line</name>
         <load_address>0xe05</load_address>
         <run_address>0xe05</run_address>
         <size>0x7b</size>
         <input_file_ref idref="fl-6"/>
      </object_component>
      <object_component id="oc-1d6">
         <name>.debug_line</name>
         <load_address>0xe80</load_address>
         <run_address>0xe80</run_address>
         <size>0x97</size>
         <input_file_ref idref="fl-6"/>
      </object_component>
      <object_component id="oc-27b">
         <name>.debug_line</name>
         <load_address>0xf17</load_address>
         <run_address>0xf17</run_address>
         <size>0x93</size>
         <input_file_ref idref="fl-6"/>
      </object_component>
      <object_component id="oc-280">
         <name>.debug_line</name>
         <load_address>0xfaa</load_address>
         <run_address>0xfaa</run_address>
         <size>0x9b</size>
         <input_file_ref idref="fl-6"/>
      </object_component>
      <object_component id="oc-246">
         <name>.debug_line</name>
         <load_address>0x1045</load_address>
         <run_address>0x1045</run_address>
         <size>0x97</size>
         <input_file_ref idref="fl-6"/>
      </object_component>
      <object_component id="oc-1cc">
         <name>.debug_line</name>
         <load_address>0x10dc</load_address>
         <run_address>0x10dc</run_address>
         <size>0x95</size>
         <input_file_ref idref="fl-6"/>
      </object_component>
      <object_component id="oc-242">
         <name>.debug_line</name>
         <load_address>0x1171</load_address>
         <run_address>0x1171</run_address>
         <size>0x197</size>
         <input_file_ref idref="fl-7"/>
      </object_component>
      <object_component id="oc-240">
         <name>.debug_line</name>
         <load_address>0x1308</load_address>
         <run_address>0x1308</run_address>
         <size>0x9e</size>
         <input_file_ref idref="fl-7"/>
      </object_component>
      <object_component id="oc-239">
         <name>.debug_line</name>
         <load_address>0x13a6</load_address>
         <run_address>0x13a6</run_address>
         <size>0x9e</size>
         <input_file_ref idref="fl-7"/>
      </object_component>
      <object_component id="oc-237">
         <name>.debug_line</name>
         <load_address>0x1444</load_address>
         <run_address>0x1444</run_address>
         <size>0x9e</size>
         <input_file_ref idref="fl-7"/>
      </object_component>
      <object_component id="oc-146">
         <name>.debug_line</name>
         <load_address>0x14e2</load_address>
         <run_address>0x14e2</run_address>
         <size>0x251</size>
         <input_file_ref idref="fl-7"/>
      </object_component>
      <object_component id="oc-23d">
         <name>.debug_line</name>
         <load_address>0x1733</load_address>
         <run_address>0x1733</run_address>
         <size>0x9e</size>
         <input_file_ref idref="fl-7"/>
      </object_component>
      <object_component id="oc-249">
         <name>.debug_line</name>
         <load_address>0x17d1</load_address>
         <run_address>0x17d1</run_address>
         <size>0x20</size>
         <input_file_ref idref="fl-8"/>
      </object_component>
      <object_component id="oc-14f">
         <name>.debug_line</name>
         <load_address>0x17f1</load_address>
         <run_address>0x17f1</run_address>
         <size>0x13e</size>
         <input_file_ref idref="fl-8"/>
      </object_component>
      <object_component id="oc-283">
         <name>.debug_line</name>
         <load_address>0x192f</load_address>
         <run_address>0x192f</run_address>
         <size>0x203</size>
         <input_file_ref idref="fl-9"/>
      </object_component>
      <object_component id="oc-1f1">
         <name>.debug_line</name>
         <load_address>0x1b32</load_address>
         <run_address>0x1b32</run_address>
         <size>0x8af</size>
         <input_file_ref idref="fl-9"/>
      </object_component>
      <object_component id="oc-287">
         <name>.debug_line</name>
         <load_address>0x23e1</load_address>
         <run_address>0x23e1</run_address>
         <size>0x8c</size>
         <input_file_ref idref="fl-9"/>
      </object_component>
      <object_component id="oc-24e">
         <name>.debug_line</name>
         <load_address>0x246d</load_address>
         <run_address>0x246d</run_address>
         <size>0x94</size>
         <input_file_ref idref="fl-9"/>
      </object_component>
      <object_component id="oc-e9">
         <name>.debug_line</name>
         <load_address>0x2501</load_address>
         <run_address>0x2501</run_address>
         <size>0x7b</size>
         <input_file_ref idref="fl-a"/>
      </object_component>
      <object_component id="oc-1c3">
         <name>.debug_line</name>
         <load_address>0x257c</load_address>
         <run_address>0x257c</run_address>
         <size>0x2d3</size>
         <input_file_ref idref="fl-b"/>
      </object_component>
      <object_component id="oc-13c">
         <name>.debug_line</name>
         <load_address>0x284f</load_address>
         <run_address>0x284f</run_address>
         <size>0x8c</size>
         <input_file_ref idref="fl-b"/>
      </object_component>
      <object_component id="oc-1e6">
         <name>.debug_line</name>
         <load_address>0x28db</load_address>
         <run_address>0x28db</run_address>
         <size>0x8c</size>
         <input_file_ref idref="fl-b"/>
      </object_component>
      <object_component id="oc-210">
         <name>.debug_line</name>
         <load_address>0x2967</load_address>
         <run_address>0x2967</run_address>
         <size>0x8c</size>
         <input_file_ref idref="fl-b"/>
      </object_component>
      <object_component id="oc-212">
         <name>.debug_line</name>
         <load_address>0x29f3</load_address>
         <run_address>0x29f3</run_address>
         <size>0x8c</size>
         <input_file_ref idref="fl-b"/>
      </object_component>
      <object_component id="oc-1ea">
         <name>.debug_line</name>
         <load_address>0x2a7f</load_address>
         <run_address>0x2a7f</run_address>
         <size>0x8c</size>
         <input_file_ref idref="fl-b"/>
      </object_component>
      <object_component id="oc-20c">
         <name>.debug_line</name>
         <load_address>0x2b0b</load_address>
         <run_address>0x2b0b</run_address>
         <size>0x8c</size>
         <input_file_ref idref="fl-b"/>
      </object_component>
      <object_component id="oc-1e8">
         <name>.debug_line</name>
         <load_address>0x2b97</load_address>
         <run_address>0x2b97</run_address>
         <size>0x8c</size>
         <input_file_ref idref="fl-b"/>
      </object_component>
      <object_component id="oc-1ec">
         <name>.debug_line</name>
         <load_address>0x2c23</load_address>
         <run_address>0x2c23</run_address>
         <size>0x8c</size>
         <input_file_ref idref="fl-b"/>
      </object_component>
      <object_component id="oc-20e">
         <name>.debug_line</name>
         <load_address>0x2caf</load_address>
         <run_address>0x2caf</run_address>
         <size>0x8c</size>
         <input_file_ref idref="fl-b"/>
      </object_component>
      <object_component id="oc-c0">
         <name>.debug_line</name>
         <load_address>0x2d3b</load_address>
         <run_address>0x2d3b</run_address>
         <size>0xf9e</size>
         <input_file_ref idref="fl-b"/>
      </object_component>
      <object_component id="oc-141">
         <name>.debug_line</name>
         <load_address>0x3cd9</load_address>
         <run_address>0x3cd9</run_address>
         <size>0x93</size>
         <input_file_ref idref="fl-b"/>
      </object_component>
      <object_component id="oc-1d1">
         <name>.debug_line</name>
         <load_address>0x3d6c</load_address>
         <run_address>0x3d6c</run_address>
         <size>0x8c</size>
         <input_file_ref idref="fl-b"/>
      </object_component>
      <object_component id="oc-25f">
         <name>.debug_line</name>
         <load_address>0x3df8</load_address>
         <run_address>0x3df8</run_address>
         <size>0x277</size>
         <input_file_ref idref="fl-c"/>
      </object_component>
      <object_component id="oc-25b">
         <name>.debug_line</name>
         <load_address>0x406f</load_address>
         <run_address>0x406f</run_address>
         <size>0x8d</size>
         <input_file_ref idref="fl-c"/>
      </object_component>
      <object_component id="oc-25d">
         <name>.debug_line</name>
         <load_address>0x40fc</load_address>
         <run_address>0x40fc</run_address>
         <size>0x8d</size>
         <input_file_ref idref="fl-c"/>
      </object_component>
      <object_component id="oc-259">
         <name>.debug_line</name>
         <load_address>0x4189</load_address>
         <run_address>0x4189</run_address>
         <size>0x8d</size>
         <input_file_ref idref="fl-c"/>
      </object_component>
      <object_component id="oc-252">
         <name>.debug_line</name>
         <load_address>0x4216</load_address>
         <run_address>0x4216</run_address>
         <size>0x8d</size>
         <input_file_ref idref="fl-c"/>
      </object_component>
      <object_component id="oc-161">
         <name>.debug_line</name>
         <load_address>0x42a3</load_address>
         <run_address>0x42a3</run_address>
         <size>0x50a</size>
         <input_file_ref idref="fl-c"/>
      </object_component>
      <object_component id="oc-209">
         <name>.debug_line</name>
         <load_address>0x47ad</load_address>
         <run_address>0x47ad</run_address>
         <size>0x8d</size>
         <input_file_ref idref="fl-c"/>
      </object_component>
      <object_component id="oc-256">
         <name>.debug_line</name>
         <load_address>0x483a</load_address>
         <run_address>0x483a</run_address>
         <size>0x94</size>
         <input_file_ref idref="fl-c"/>
      </object_component>
      <object_component id="oc-203">
         <name>.debug_line</name>
         <load_address>0x48ce</load_address>
         <run_address>0x48ce</run_address>
         <size>0x95</size>
         <input_file_ref idref="fl-c"/>
      </object_component>
      <object_component id="oc-173">
         <name>.debug_line</name>
         <load_address>0x4963</load_address>
         <run_address>0x4963</run_address>
         <size>0x114</size>
         <input_file_ref idref="fl-d"/>
      </object_component>
      <object_component id="oc-144">
         <name>.debug_line</name>
         <load_address>0x4a77</load_address>
         <run_address>0x4a77</run_address>
         <size>0xa1</size>
         <input_file_ref idref="fl-d"/>
      </object_component>
      <object_component id="oc-171">
         <name>.debug_line</name>
         <load_address>0x4b18</load_address>
         <run_address>0x4b18</run_address>
         <size>0xa1</size>
         <input_file_ref idref="fl-d"/>
      </object_component>
      <object_component id="oc-77">
         <name>.debug_line</name>
         <load_address>0x4bb9</load_address>
         <run_address>0x4bb9</run_address>
         <size>0x240</size>
         <input_file_ref idref="fl-d"/>
      </object_component>
      <object_component id="oc-71">
         <name>.debug_line</name>
         <load_address>0x4df9</load_address>
         <run_address>0x4df9</run_address>
         <size>0x136</size>
         <input_file_ref idref="fl-e"/>
      </object_component>
      <object_component id="oc-94">
         <name>.debug_line</name>
         <load_address>0x4f2f</load_address>
         <run_address>0x4f2f</run_address>
         <size>0x79</size>
         <input_file_ref idref="fl-c8"/>
      </object_component>
      <object_component id="oc-3b">
         <name>.debug_line</name>
         <load_address>0x4fa8</load_address>
         <run_address>0x4fa8</run_address>
         <size>0x88</size>
         <input_file_ref idref="fl-c9"/>
      </object_component>
      <object_component id="oc-ec">
         <name>.debug_line</name>
         <load_address>0x5030</load_address>
         <run_address>0x5030</run_address>
         <size>0x92</size>
         <input_file_ref idref="fl-ca"/>
      </object_component>
      <object_component id="oc-4a">
         <name>.debug_line</name>
         <load_address>0x50c2</load_address>
         <run_address>0x50c2</run_address>
         <size>0x53</size>
         <input_file_ref idref="fl-ca"/>
      </object_component>
      <object_component id="oc-8f">
         <name>.debug_line</name>
         <load_address>0x5115</load_address>
         <run_address>0x5115</run_address>
         <size>0x34</size>
         <input_file_ref idref="fl-ca"/>
      </object_component>
      <object_component id="oc-8a">
         <name>.debug_line</name>
         <load_address>0x5149</load_address>
         <run_address>0x5149</run_address>
         <size>0x20</size>
         <input_file_ref idref="fl-cb"/>
      </object_component>
      <object_component id="oc-1e">
         <name>.debug_line</name>
         <load_address>0x5169</load_address>
         <run_address>0x5169</run_address>
         <size>0x55</size>
         <input_file_ref idref="fl-cb"/>
      </object_component>
      <object_component id="oc-40">
         <name>.debug_line</name>
         <load_address>0x51be</load_address>
         <run_address>0x51be</run_address>
         <size>0x3a</size>
         <input_file_ref idref="fl-cb"/>
      </object_component>
      <object_component id="oc-87">
         <name>.debug_line</name>
         <load_address>0x51f8</load_address>
         <run_address>0x51f8</run_address>
         <size>0x92</size>
         <input_file_ref idref="fl-cb"/>
      </object_component>
      <object_component id="oc-e5">
         <name>.debug_line</name>
         <load_address>0x528a</load_address>
         <run_address>0x528a</run_address>
         <size>0x20</size>
         <input_file_ref idref="fl-cc"/>
      </object_component>
      <object_component id="oc-1a">
         <name>.debug_line</name>
         <load_address>0x52aa</load_address>
         <run_address>0x52aa</run_address>
         <size>0xa9</size>
         <input_file_ref idref="fl-cc"/>
      </object_component>
      <object_component id="oc-30">
         <name>.debug_line</name>
         <load_address>0x5353</load_address>
         <run_address>0x5353</run_address>
         <size>0x3a</size>
         <input_file_ref idref="fl-cc"/>
      </object_component>
      <object_component id="oc-e2">
         <name>.debug_line</name>
         <load_address>0x538d</load_address>
         <run_address>0x538d</run_address>
         <size>0x9a</size>
         <input_file_ref idref="fl-cc"/>
      </object_component>
      <object_component id="oc-80">
         <name>.debug_line</name>
         <load_address>0x5427</load_address>
         <run_address>0x5427</run_address>
         <size>0x96</size>
         <input_file_ref idref="fl-cc"/>
      </object_component>
      <object_component id="oc-7c">
         <name>.debug_line</name>
         <load_address>0x54bd</load_address>
         <run_address>0x54bd</run_address>
         <size>0x33</size>
         <input_file_ref idref="fl-cd"/>
      </object_component>
      <object_component id="oc-5a">
         <name>.debug_line</name>
         <load_address>0x54f0</load_address>
         <run_address>0x54f0</run_address>
         <size>0x45</size>
         <input_file_ref idref="fl-cd"/>
      </object_component>
      <object_component id="oc-223">
         <name>.debug_line</name>
         <load_address>0x5535</load_address>
         <run_address>0x5535</run_address>
         <size>0xbf</size>
         <input_file_ref idref="fl-ce"/>
      </object_component>
      <object_component id="oc-108">
         <name>.debug_line</name>
         <load_address>0x55f4</load_address>
         <run_address>0x55f4</run_address>
         <size>0x6f</size>
         <input_file_ref idref="fl-ce"/>
      </object_component>
      <object_component id="oc-227">
         <name>.debug_line</name>
         <load_address>0x5663</load_address>
         <run_address>0x5663</run_address>
         <size>0x2e</size>
         <input_file_ref idref="fl-ce"/>
      </object_component>
      <object_component id="oc-26d">
         <name>.debug_line</name>
         <load_address>0x5691</load_address>
         <run_address>0x5691</run_address>
         <size>0x9a</size>
         <input_file_ref idref="fl-ce"/>
      </object_component>
      <object_component id="oc-22c">
         <name>.debug_line</name>
         <load_address>0x572b</load_address>
         <run_address>0x572b</run_address>
         <size>0x97</size>
         <input_file_ref idref="fl-ce"/>
      </object_component>
      <object_component id="oc-231">
         <name>.debug_line</name>
         <load_address>0x57c2</load_address>
         <run_address>0x57c2</run_address>
         <size>0x93</size>
         <input_file_ref idref="fl-ce"/>
      </object_component>
      <object_component id="oc-9c">
         <name>.debug_line</name>
         <load_address>0x5855</load_address>
         <run_address>0x5855</run_address>
         <size>0x40</size>
         <input_file_ref idref="fl-cf"/>
      </object_component>
      <object_component id="oc-fb">
         <name>.debug_line</name>
         <load_address>0x5895</load_address>
         <run_address>0x5895</run_address>
         <size>0x3c</size>
         <input_file_ref idref="fl-d1"/>
      </object_component>
      <object_component id="oc-a3">
         <name>.debug_frame</name>
         <load_address>0x0</load_address>
         <run_address>0x0</run_address>
         <size>0xd4</size>
         <input_file_ref idref="fl-2"/>
      </object_component>
      <object_component id="oc-6c">
         <name>.debug_frame</name>
         <load_address>0xd4</load_address>
         <run_address>0xd4</run_address>
         <size>0x6c</size>
         <input_file_ref idref="fl-3"/>
      </object_component>
      <object_component id="oc-b5">
         <name>.debug_frame</name>
         <load_address>0x140</load_address>
         <run_address>0x140</run_address>
         <size>0x70</size>
         <input_file_ref idref="fl-4"/>
      </object_component>
      <object_component id="oc-14a">
         <name>.debug_frame</name>
         <load_address>0x1b0</load_address>
         <run_address>0x1b0</run_address>
         <size>0x10c</size>
         <input_file_ref idref="fl-7"/>
      </object_component>
      <object_component id="oc-150">
         <name>.debug_frame</name>
         <load_address>0x2bc</load_address>
         <run_address>0x2bc</run_address>
         <size>0xb8</size>
         <input_file_ref idref="fl-8"/>
      </object_component>
      <object_component id="oc-1f2">
         <name>.debug_frame</name>
         <load_address>0x374</load_address>
         <run_address>0x374</run_address>
         <size>0x3d0</size>
         <input_file_ref idref="fl-9"/>
      </object_component>
      <object_component id="oc-bf">
         <name>.debug_frame</name>
         <load_address>0x744</load_address>
         <run_address>0x744</run_address>
         <size>0x7b4</size>
         <input_file_ref idref="fl-b"/>
      </object_component>
      <object_component id="oc-162">
         <name>.debug_frame</name>
         <load_address>0xef8</load_address>
         <run_address>0xef8</run_address>
         <size>0x2c4</size>
         <input_file_ref idref="fl-c"/>
      </object_component>
      <object_component id="oc-76">
         <name>.debug_frame</name>
         <load_address>0x11bc</load_address>
         <run_address>0x11bc</run_address>
         <size>0x130</size>
         <input_file_ref idref="fl-d"/>
      </object_component>
      <object_component id="oc-4c">
         <name>.debug_frame</name>
         <load_address>0x12ec</load_address>
         <run_address>0x12ec</run_address>
         <size>0x54</size>
         <input_file_ref idref="fl-ca"/>
      </object_component>
      <object_component id="oc-22">
         <name>.debug_frame</name>
         <load_address>0x1340</load_address>
         <run_address>0x1340</run_address>
         <size>0x54</size>
         <input_file_ref idref="fl-cb"/>
      </object_component>
      <object_component id="oc-19">
         <name>.debug_frame</name>
         <load_address>0x1394</load_address>
         <run_address>0x1394</run_address>
         <size>0x60</size>
         <input_file_ref idref="fl-cc"/>
      </object_component>
      <object_component id="oc-57">
         <name>.debug_frame</name>
         <load_address>0x13f4</load_address>
         <run_address>0x13f4</run_address>
         <size>0x50</size>
         <input_file_ref idref="fl-cd"/>
      </object_component>
      <object_component id="oc-107">
         <name>.debug_frame</name>
         <load_address>0x1444</load_address>
         <run_address>0x1444</run_address>
         <size>0x5c</size>
         <input_file_ref idref="fl-ce"/>
      </object_component>
      <object_component id="oc-9d">
         <name>.debug_frame</name>
         <load_address>0x14a0</load_address>
         <run_address>0x14a0</run_address>
         <size>0x54</size>
         <input_file_ref idref="fl-cf"/>
      </object_component>
      <object_component id="oc-fa">
         <name>.debug_frame</name>
         <load_address>0x14f4</load_address>
         <run_address>0x14f4</run_address>
         <size>0x54</size>
         <input_file_ref idref="fl-d1"/>
      </object_component>
      <object_component id="oc-18a">
         <name>.debug_abbrev</name>
         <load_address>0x0</load_address>
         <run_address>0x0</run_address>
         <size>0xd6</size>
         <input_file_ref idref="fl-2"/>
      </object_component>
      <object_component id="oc-188">
         <name>.debug_abbrev</name>
         <load_address>0xd6</load_address>
         <run_address>0xd6</run_address>
         <size>0x29</size>
         <input_file_ref idref="fl-2"/>
      </object_component>
      <object_component id="oc-f2">
         <name>.debug_abbrev</name>
         <load_address>0xff</load_address>
         <run_address>0xff</run_address>
         <size>0xd4</size>
         <input_file_ref idref="fl-2"/>
      </object_component>
      <object_component id="oc-f6">
         <name>.debug_abbrev</name>
         <load_address>0x1d3</load_address>
         <run_address>0x1d3</run_address>
         <size>0x9f</size>
         <input_file_ref idref="fl-2"/>
      </object_component>
      <object_component id="oc-18e">
         <name>.debug_abbrev</name>
         <load_address>0x272</load_address>
         <run_address>0x272</run_address>
         <size>0xbd</size>
         <input_file_ref idref="fl-2"/>
      </object_component>
      <object_component id="oc-dc">
         <name>.debug_abbrev</name>
         <load_address>0x32f</load_address>
         <run_address>0x32f</run_address>
         <size>0x69</size>
         <input_file_ref idref="fl-2"/>
      </object_component>
      <object_component id="oc-193">
         <name>.debug_abbrev</name>
         <load_address>0x398</load_address>
         <run_address>0x398</run_address>
         <size>0x97</size>
         <input_file_ref idref="fl-2"/>
      </object_component>
      <object_component id="oc-19d">
         <name>.debug_abbrev</name>
         <load_address>0x42f</load_address>
         <run_address>0x42f</run_address>
         <size>0x70</size>
         <input_file_ref idref="fl-2"/>
      </object_component>
      <object_component id="oc-34">
         <name>.debug_abbrev</name>
         <load_address>0x49f</load_address>
         <run_address>0x49f</run_address>
         <size>0x1f</size>
         <input_file_ref idref="fl-2"/>
      </object_component>
      <object_component id="oc-cb">
         <name>.debug_abbrev</name>
         <load_address>0x4be</load_address>
         <run_address>0x4be</run_address>
         <size>0x24</size>
         <input_file_ref idref="fl-2"/>
      </object_component>
      <object_component id="oc-185">
         <name>.debug_abbrev</name>
         <load_address>0x4e2</load_address>
         <run_address>0x4e2</run_address>
         <size>0x5c</size>
         <input_file_ref idref="fl-2"/>
      </object_component>
      <object_component id="oc-d5">
         <name>.debug_abbrev</name>
         <load_address>0x53e</load_address>
         <run_address>0x53e</run_address>
         <size>0x24</size>
         <input_file_ref idref="fl-2"/>
      </object_component>
      <object_component id="oc-d0">
         <name>.debug_abbrev</name>
         <load_address>0x562</load_address>
         <run_address>0x562</run_address>
         <size>0x24</size>
         <input_file_ref idref="fl-2"/>
      </object_component>
      <object_component id="oc-198">
         <name>.debug_abbrev</name>
         <load_address>0x586</load_address>
         <run_address>0x586</run_address>
         <size>0x5c</size>
         <input_file_ref idref="fl-2"/>
      </object_component>
      <object_component id="oc-17b">
         <name>.debug_abbrev</name>
         <load_address>0x5e2</load_address>
         <run_address>0x5e2</run_address>
         <size>0x61</size>
         <input_file_ref idref="fl-2"/>
      </object_component>
      <object_component id="oc-d8">
         <name>.debug_abbrev</name>
         <load_address>0x643</load_address>
         <run_address>0x643</run_address>
         <size>0x7c</size>
         <input_file_ref idref="fl-3"/>
      </object_component>
      <object_component id="oc-78">
         <name>.debug_abbrev</name>
         <load_address>0x6bf</load_address>
         <run_address>0x6bf</run_address>
         <size>0x29</size>
         <input_file_ref idref="fl-3"/>
      </object_component>
      <object_component id="oc-b6">
         <name>.debug_abbrev</name>
         <load_address>0x6e8</load_address>
         <run_address>0x6e8</run_address>
         <size>0x89</size>
         <input_file_ref idref="fl-3"/>
      </object_component>
      <object_component id="oc-1c0">
         <name>.debug_abbrev</name>
         <load_address>0x771</load_address>
         <run_address>0x771</run_address>
         <size>0x29</size>
         <input_file_ref idref="fl-4"/>
      </object_component>
      <object_component id="oc-13a">
         <name>.debug_abbrev</name>
         <load_address>0x79a</load_address>
         <run_address>0x79a</run_address>
         <size>0x8b</size>
         <input_file_ref idref="fl-4"/>
      </object_component>
      <object_component id="oc-260">
         <name>.debug_abbrev</name>
         <load_address>0x825</load_address>
         <run_address>0x825</run_address>
         <size>0x7d</size>
         <input_file_ref idref="fl-5"/>
      </object_component>
      <object_component id="oc-180">
         <name>.debug_abbrev</name>
         <load_address>0x8a2</load_address>
         <run_address>0x8a2</run_address>
         <size>0x70</size>
         <input_file_ref idref="fl-5"/>
      </object_component>
      <object_component id="oc-264">
         <name>.debug_abbrev</name>
         <load_address>0x912</load_address>
         <run_address>0x912</run_address>
         <size>0x72</size>
         <input_file_ref idref="fl-5"/>
      </object_component>
      <object_component id="oc-176">
         <name>.debug_abbrev</name>
         <load_address>0x984</load_address>
         <run_address>0x984</run_address>
         <size>0x24</size>
         <input_file_ref idref="fl-5"/>
      </object_component>
      <object_component id="oc-276">
         <name>.debug_abbrev</name>
         <load_address>0x9a8</load_address>
         <run_address>0x9a8</run_address>
         <size>0x111</size>
         <input_file_ref idref="fl-6"/>
      </object_component>
      <object_component id="oc-1c6">
         <name>.debug_abbrev</name>
         <load_address>0xab9</load_address>
         <run_address>0xab9</run_address>
         <size>0x5a</size>
         <input_file_ref idref="fl-6"/>
      </object_component>
      <object_component id="oc-1d5">
         <name>.debug_abbrev</name>
         <load_address>0xb13</load_address>
         <run_address>0xb13</run_address>
         <size>0x70</size>
         <input_file_ref idref="fl-6"/>
      </object_component>
      <object_component id="oc-27a">
         <name>.debug_abbrev</name>
         <load_address>0xb83</load_address>
         <run_address>0xb83</run_address>
         <size>0x4b</size>
         <input_file_ref idref="fl-6"/>
      </object_component>
      <object_component id="oc-27f">
         <name>.debug_abbrev</name>
         <load_address>0xbce</load_address>
         <run_address>0xbce</run_address>
         <size>0x24</size>
         <input_file_ref idref="fl-6"/>
      </object_component>
      <object_component id="oc-245">
         <name>.debug_abbrev</name>
         <load_address>0xbf2</load_address>
         <run_address>0xbf2</run_address>
         <size>0x4b</size>
         <input_file_ref idref="fl-6"/>
      </object_component>
[...]
         <name>uxTaskGetNumberOfTasks</name>
         <value>0xbcf</value>
         <object_component_ref idref="oc-bd"/>
      </symbol>
      <symbol id="sm-5e0">
         <name>xTaskCatchUpTicks</name>
         <value>0xd37</value>
         <object_component_ref idref="oc-bd"/>
      </symbol>
      <symbol id="sm-5e1">
         <name>xTaskGenericNotifyFromISR</name>
         <value>0x1d8b</value>
         <object_component_ref idref="oc-bd"/>
      </symbol>
      <symbol id="sm-5e2">
         <name>vTaskGetInfo</name>
         <value>0x1579</value>
         <object_component_ref idref="oc-bd"/>
      </symbol>
      <symbol id="sm-5e3">
         <name>uxTaskPriorityGet</name>
         <value>0x611</value>
         <object_component_ref idref="oc-bd"/>
      </symbol>
      <symbol id="sm-5e4">
         <name>vTaskStepTick</name>
         <value>0xcfd</value>
         <object_component_ref idref="oc-bd"/>
      </symbol>
      <symbol id="sm-5e5">
         <name>xTaskResumeAll</name>
         <value>0xaa9</value>
         <object_component_ref idref="oc-bd"/>
      </symbol>
      <symbol id="sm-5e6">
         <name>vTaskSetApplicationTaskTag</name>
         <value>0xeb5</value>
         <object_component_ref idref="oc-bd"/>
      </symbol>
      <symbol id="sm-5e7">
         <name>xTaskGetTickCount</name>
         <value>0xbab</value>
         <object_component_ref idref="oc-bd"/>
      </symbol>
      <symbol id="sm-5e8">
         <name>ulTaskGenericNotifyTake</name>
         <value>0x1a79</value>
         <object_component_ref idref="oc-bd"/>
      </symbol>
      <symbol id="sm-5e9">
         <name>uxTaskGetSystemState</name>
         <value>0xc21</value>
         <object_component_ref idref="oc-bd"/>
      </symbol>
      <symbol id="sm-5ea">
         <name>vTaskDelete</name>
         <value>0x323</value>
         <object_component_ref idref="oc-bd"/>
      </symbol>
      <symbol id="sm-5eb">
         <name>xTaskGetApplicationTaskTag</name>
         <value>0xedb</value>
         <object_component_ref idref="oc-bd"/>
      </symbol>
      <symbol id="sm-5ec">
         <name>xTaskCallApplicationTaskHook</name>
         <value>0xf4d</value>
         <object_component_ref idref="oc-bd"/>
      </symbol>
      <symbol id="sm-5ed">
         <name>ulTaskGenericNotifyValueClear</name>
         <value>0x20a7</value>
         <object_component_ref idref="oc-bd"/>
      </symbol>
      <symbol id="sm-5ee">
         <name>xTaskGenericNotifyWait</name>
         <value>0x1b31</value>
         <object_component_ref idref="oc-bd"/>
      </symbol>
      <symbol id="sm-5ef">
         <name>pxCurrentTCB</name>
         <value>0x2000816c</value>
         <object_component_ref idref="oc-b7"/>
      </symbol>
      <symbol id="sm-5f0">
         <name>eTaskGetState</name>
         <value>0x539</value>
         <object_component_ref idref="oc-bd"/>
      </symbol>
      <symbol id="sm-5f1">
         <name>vTaskSuspend</name>
         <value>0x7b1</value>
         <object_component_ref idref="oc-bd"/>
      </symbol>
      <symbol id="sm-5f2">
         <name>xTaskGetTickCountFromISR</name>
         <value>0xbbb</value>
         <object_component_ref idref="oc-bd"/>
      </symbol>
      <symbol id="sm-5f3">
         <name>vTaskResume</name>
         <value>0x915</value>
         <object_component_ref idref="oc-bd"/>
      </symbol>
      <symbol id="sm-5f4">
         <name>uxTopUsedPriority</name>
         <value>0x4bdc</value>
         <object_component_ref idref="oc-166"/>
      </symbol>
      <symbol id="sm-5f5">
         <name>vTaskPlaceOnEventListRestricted</name>
         <value>0x10f9</value>
         <object_component_ref idref="oc-bd"/>
      </symbol>
      <symbol id="sm-5f6">
         <name>vTaskSetTimeOutState</name>
         <value>0x125f</value>
         <object_component_ref idref="oc-bd"/>
      </symbol>
      <symbol id="sm-5f7">
         <name>xTaskIncrementTick</name>
         <value>0xd89</value>
         <object_component_ref idref="oc-bd"/>
      </symbol>
      <symbol id="sm-5f8">
         <name>vTaskSwitchContext</name>
         <value>0xf8d</value>
         <object_component_ref idref="oc-bd"/>
      </symbol>
      <symbol id="sm-5f9">
         <name>uxTaskResetEventItemValue</name>
         <value>0x1a37</value>
         <object_component_ref idref="oc-bd"/>
      </symbol>
      <symbol id="sm-5fa">
         <name>xTaskGetSchedulerState</name>
         <value>0x175f</value>
         <object_component_ref idref="oc-bd"/>
      </symbol>
      <symbol id="sm-5fb">
         <name>xTaskGetCurrentTaskHandle</name>
         <value>0x174f</value>
         <object_component_ref idref="oc-bd"/>
      </symbol>
      <symbol id="sm-5fc">
         <name>vTaskPlaceOnUnorderedEventList</name>
         <value>0x1091</value>
         <object_component_ref idref="oc-bd"/>
      </symbol>
      <symbol id="sm-5fd">
         <name>xTaskRemoveFromEventList</name>
         <value>0x1139</value>
         <object_component_ref idref="oc-bd"/>
      </symbol>
      <symbol id="sm-5fe">
         <name>eTaskConfirmSleepModeStatus</name>
         <value>0x1401</value>
         <object_component_ref idref="oc-bd"/>
      </symbol>
      <symbol id="sm-5ff">
         <name>xTaskPriorityInherit</name>
         <value>0x17a9</value>
         <object_component_ref idref="oc-bd"/>
      </symbol>
      <symbol id="sm-6c1">
         <name>vTimerSetTimerNumber</name>
         <value>0x3a3b</value>
         <object_component_ref idref="oc-15d"/>
      </symbol>
      <symbol id="sm-6c2">
         <name>xTimerGetTimerDaemonTaskHandle</name>
         <value>0x341f</value>
         <object_component_ref idref="oc-15d"/>
      </symbol>
      <symbol id="sm-6c3">
         <name>pcTimerGetName</name>
         <value>0x3517</value>
         <object_component_ref idref="oc-15d"/>
      </symbol>
      <symbol id="sm-6c4">
         <name>xTimerCreateTimerTask</name>
         <value>0x32bd</value>
         <object_component_ref idref="oc-15d"/>
      </symbol>
      <symbol id="sm-6c5">
         <name>xTimerGetExpiryTime</name>
         <value>0x34ed</value>
         <object_component_ref idref="oc-15d"/>
      </symbol>
      <symbol id="sm-6c6">
         <name>uxTimerGetTimerNumber</name>
         <value>0x3a2d</value>
         <object_component_ref idref="oc-15d"/>
      </symbol>
      <symbol id="sm-6c7">
         <name>xTimerIsTimerActive</name>
         <value>0x3995</value>
         <object_component_ref idref="oc-15d"/>
      </symbol>
      <symbol id="sm-6c8">
         <name>xTimerGetPeriod</name>
         <value>0x3441</value>
         <object_component_ref idref="oc-15d"/>
      </symbol>
      <symbol id="sm-6c9">
         <name>xTimerCreate</name>
         <value>0x32fd</value>
         <object_component_ref idref="oc-15d"/>
      </symbol>
      <symbol id="sm-6ca">
         <name>vTimerSetReloadMode</name>
         <value>0x3467</value>
         <object_component_ref idref="oc-15d"/>
      </symbol>
      <symbol id="sm-6cb">
         <name>xTimerGenericCommand</name>
         <value>0x339f</value>
         <object_component_ref idref="oc-15d"/>
      </symbol>
      <symbol id="sm-6cc">
         <name>uxTimerGetReloadMode</name>
         <value>0x34b1</value>
         <object_component_ref idref="oc-15d"/>
      </symbol>
      <symbol id="sm-6cd">
         <name>pvTimerGetTimerID</name>
         <value>0x39d1</value>
         <object_component_ref idref="oc-15d"/>
      </symbol>
      <symbol id="sm-6ce">
         <name>vTimerSetTimerID</name>
         <value>0x39ff</value>
         <object_component_ref idref="oc-15d"/>
      </symbol>
      <symbol id="sm-736">
         <name>ulMaxSyscallInterruptPriority</name>
         <value>0x4bd4</value>
         <object_component_ref idref="oc-ba"/>
      </symbol>
      <symbol id="sm-737">
         <name>vPortSetupTimerInterrupt</name>
         <value>0x4211</value>
         <object_component_ref idref="oc-72"/>
      </symbol>
      <symbol id="sm-738">
         <name>vPortEndScheduler</name>
         <value>0x3ff9</value>
         <object_component_ref idref="oc-72"/>
      </symbol>
      <symbol id="sm-739">
         <name>vPortSuppressTicksAndSleep</name>
         <value>0x40b9</value>
         <object_component_ref idref="oc-72"/>
      </symbol>
      <symbol id="sm-73a">
         <name>xPortSysTickHandler</name>
         <value>0x408b</value>
         <object_component_ref idref="oc-72"/>
      </symbol>
      <symbol id="sm-73b">
         <name>vPortValidateInterruptPriority</name>
         <value>0x4259</value>
         <object_component_ref idref="oc-72"/>
      </symbol>
      <symbol id="sm-73c">
         <name>pxPortInitialiseStack</name>
         <value>0x3eb5</value>
         <object_component_ref idref="oc-72"/>
      </symbol>
      <symbol id="sm-73d">
         <name>vPortExitCritical</name>
         <value>0x405f</value>
         <object_component_ref idref="oc-72"/>
      </symbol>
      <symbol id="sm-73e">
         <name>xPortStartScheduler</name>
         <value>0x3f41</value>
         <object_component_ref idref="oc-72"/>
      </symbol>
      <symbol id="sm-73f">
         <name>vPortEnterCritical</name>
         <value>0x401d</value>
         <object_component_ref idref="oc-72"/>
      </symbol>
      <symbol id="sm-74e">
         <name>vPortStartFirstTask</name>
         <value>0x497d</value>
         <object_component_ref idref="oc-6d"/>
      </symbol>
      <symbol id="sm-74f">
         <name>ulPortGetIPSR</name>
         <value>0x48e5</value>
         <object_component_ref idref="oc-6d"/>
      </symbol>
      <symbol id="sm-750">
         <name>vPortEnableVFP</name>
         <value>0x49a1</value>
         <object_component_ref idref="oc-6d"/>
      </symbol>
      <symbol id="sm-751">
         <name>xPortPendSVHandler</name>
         <value>0x48fd</value>
         <object_component_ref idref="oc-6d"/>
      </symbol>
      <symbol id="sm-752">
         <name>vPortSVCHandler</name>
         <value>0x495d</value>
         <object_component_ref idref="oc-6d"/>
      </symbol>
      <symbol id="sm-761">
         <name>__aeabi_memset</name>
         <value>0x4a4d</value>
         <object_component_ref idref="oc-92"/>
      </symbol>
      <symbol id="sm-762">
         <name>memset</name>
         <value>0x4a53</value>
         <object_component_ref idref="oc-92"/>
      </symbol>
      <symbol id="sm-763">
         <name>__aeabi_memset8</name>
         <value>0x4a4d</value>
         <object_component_ref idref="oc-92"/>
      </symbol>
      <symbol id="sm-764">
         <name>__aeabi_memset4</name>
         <value>0x4a4d</value>
         <object_component_ref idref="oc-92"/>
      </symbol>
      <symbol id="sm-765">
         <name>__aeabi_memclr8</name>
         <value>0x4a4b</value>
         <object_component_ref idref="oc-92"/>
      </symbol>
      <symbol id="sm-766">
         <name>__aeabi_memclr4</name>
         <value>0x4a4b</value>
         <object_component_ref idref="oc-92"/>
      </symbol>
      <symbol id="sm-767">
         <name>__aeabi_memclr</name>
         <value>0x4a4b</value>
         <object_component_ref idref="oc-92"/>
      </symbol>
      <symbol id="sm-782">
         <name>memcpy</name>
         <value>0x49af</value>
         <object_component_ref idref="oc-37"/>
      </symbol>
      <symbol id="sm-783">
         <name>__aeabi_memcpy</name>
         <value>0x49af</value>
         <object_component_ref idref="oc-37"/>
      </symbol>
      <symbol id="sm-784">
         <name>__aeabi_memcpy8</name>
         <value>0x49af</value>
         <object_component_ref idref="oc-37"/>
      </symbol>
      <symbol id="sm-785">
         <name>__aeabi_memcpy4</name>
         <value>0x49af</value>
         <object_component_ref idref="oc-37"/>
      </symbol>
      <symbol id="sm-797">
         <name>__TI_zero_init</name>
         <value>0x4bc1</value>
         <object_component_ref idref="oc-49"/>
      </symbol>
      <symbol id="sm-7ae">
         <name>__TI_decompress_none</name>
         <value>0x4ba5</value>
         <object_component_ref idref="oc-1d"/>
      </symbol>
      <symbol id="sm-7d1">
         <name>__TI_decompress_lzss</name>
         <value>0x4ac5</value>
         <object_component_ref idref="oc-17"/>
      </symbol>
      <symbol id="sm-7e4">
         <name>__stack</name>
         <value>0x2000fe00</value>
         <object_component_ref idref="oc-29"/>
      </symbol>
      <symbol id="sm-7e5">
         <name>_c_int00_noargs</name>
         <value>0x4b71</value>
         <object_component_ref idref="oc-55"/>
      </symbol>
      <symbol id="sm-80d">
         <name>__TI_auto_init_nobinit_nopinit</name>
         <value>0x4b2d</value>
         <object_component_ref idref="oc-105"/>
      </symbol>
      <symbol id="sm-817">
         <name>_system_pre_init</name>
         <value>0x4bcd</value>
         <object_component_ref idref="oc-98"/>
      </symbol>
      <symbol id="sm-823">
         <name>C$$EXIT</name>
         <value>0x4bd1</value>
         <object_component_ref idref="oc-f9"/>
      </symbol>
      <symbol id="sm-824">
         <name>abort</name>
         <value>0x4bd1</value>
         <object_component_ref idref="oc-f9"/>
      </symbol>
      <symbol id="sm-827">
         <name>__TI_static_base__</name>
         <value>0x0</value>
      </symbol>
      <symbol id="sm-82a">
         <name>__mpu_init</name>
         <value>0x0</value>
      </symbol>
      <symbol id="sm-82b">
         <name>_system_post_cinit</name>
         <value>0x0</value>
      </symbol>
      <symbol id="sm-82c">
         <name>NMI_Handler</name>
         <value>0x4bbf</value>
      </symbol>
      <symbol id="sm-82d">
         <name>HardFault_Handler</name>
         <value>0x4bbf</value>
      </symbol>
      <symbol id="sm-82e">
         <name>MemManage_Handler</name>
         <value>0x4bbf</value>
      </symbol>
      <symbol id="sm-82f">
         <name>BusFault_Handler</name>
         <value>0x4bbf</value>
      </symbol>
      <symbol id="sm-830">
         <name>UsageFault_Handler</name>
         <value>0x4bbf</value>
      </symbol>
      <symbol id="sm-831">
         <name>SVC_Handler</name>
         <value>0x4bbf</value>
      </symbol>
      <symbol id="sm-832">
         <name>DebugMon_Handler</name>
         <value>0x4bbf</value>
      </symbol>
      <symbol id="sm-833">
         <name>PendSV_Handler</name>
         <value>0x4bbf</value>
      </symbol>
      <symbol id="sm-834">
         <name>SysTick_Handler</name>
         <value>0x4bbf</value>
      </symbol>
      <symbol id="sm-835">
         <name>PSS_IRQHandler</name>
         <value>0x4bbf</value>
      </symbol>
      <symbol id="sm-836">
         <name>CS_IRQHandler</name>
         <value>0x4bbf</value>
      </symbol>
      <symbol id="sm-837">
         <name>PCM_IRQHandler</name>
         <value>0x4bbf</value>
      </symbol>
      <symbol id="sm-838">
         <name>WDT_A_IRQHandler</name>
         <value>0x4bbf</value>
      </symbol>
      <symbol id="sm-839">
         <name>FPU_IRQHandler</name>
         <value>0x4bbf</value>
      </symbol>
      <symbol id="sm-83a">
         <name>FLCTL_IRQHandler</name>
         <value>0x4bbf</value>
      </symbol>
      <symbol id="sm-83b">
         <name>COMP_E0_IRQHandler</name>
         <value>0x4bbf</value>
      </symbol>
      <symbol id="sm-83c">
         <name>COMP_E1_IRQHandler</name>
         <value>0x4bbf</value>
      </symbol>
      <symbol id="sm-83d">
         <name>TA0_0_IRQHandler</name>
         <value>0x4bbf</value>
      </symbol>
      <symbol id="sm-83e">
         <name>TA0_N_IRQHandler</name>
         <value>0x4bbf</value>
      </symbol>
      <symbol id="sm-83f">
         <name>TA1_0_IRQHandler</name>
         <value>0x4bbf</value>
      </symbol>
      <symbol id="sm-840">
         <name>TA1_N_IRQHandler</name>
         <value>0x4bbf</value>
      </symbol>
      <symbol id="sm-841">
         <name>TA2_0_IRQHandler</name>
         <value>0x4bbf</value>
      </symbol>
      <symbol id="sm-842">
         <name>TA2_N_IRQHandler</name>
         <value>0x4bbf</value>
      </symbol>
      <symbol id="sm-843">
         <name>TA3_0_IRQHandler</name>
         <value>0x4bbf</value>
      </symbol>
      <symbol id="sm-844">
         <name>TA3_N_IRQHandler</name>
         <value>0x4bbf</value>
      </symbol>
      <symbol id="sm-845">
         <name>EUSCIA0_IRQHandler</name>
         <value>0x4bbf</value>
      </symbol>
      <symbol id="sm-846">
         <name>EUSCIA1_IRQHandler</name>
         <value>0x4bbf</value>
      </symbol>
      <symbol id="sm-847">
         <name>EUSCIA2_IRQHandler</name>
         <value>0x4bbf</value>
      </symbol>
      <symbol id="sm-848">
         <name>EUSCIA3_IRQHandler</name>
         <value>0x4bbf</value>
      </symbol>
      <symbol id="sm-849">
         <name>EUSCIB0_IRQHandler</name>
         <value>0x4bbf</value>
      </symbol>
      <symbol id="sm-84a">
         <name>EUSCIB1_IRQHandler</name>
         <value>0x4bbf</value>
      </symbol>
      <symbol id="sm-84b">
         <name>EUSCIB2_IRQHandler</name>
         <value>0x4bbf</value>
      </symbol>
      <symbol id="sm-84c">
         <name>EUSCIB3_IRQHandler</name>
         <value>0x4bbf</value>
      </symbol>
      <symbol id="sm-84d">
         <name>ADC14_IRQHandler</name>
         <value>0x4bbf</value>
      </symbol>
      <symbol id="sm-84e">
         <name>T32_INT1_IRQHandler</name>
         <value>0x4bbf</value>
      </symbol>
      <symbol id="sm-84f">
         <name>T32_INT2_IRQHandler</name>
         <value>0x4bbf</value>
      </symbol>
      <symbol id="sm-850">
         <name>T32_INTC_IRQHandler</name>
         <value>0x4bbf</value>
      </symbol>
      <symbol id="sm-851">
         <name>AES256_IRQHandler</name>
         <value>0x4bbf</value>
      </symbol>
      <symbol id="sm-852">
         <name>RTC_C_IRQHandler</name>
         <value>0x4bbf</value>
      </symbol>
      <symbol id="sm-853">
         <name>DMA_ERR_IRQHandler</name>
         <value>0x4bbf</value>
      </symbol>
      <symbol id="sm-854">
         <name>DMA_INT3_IRQHandler</name>
         <value>0x4bbf</value>
      </symbol>
      <symbol id="sm-855">
         <name>DMA_INT2_IRQHandler</name>
         <value>0x4bbf</value>
      </symbol>
      <symbol id="sm-856">
         <name>DMA_INT1_IRQHandler</name>
         <value>0x4bbf</value>
      </symbol>
      <symbol id="sm-857">
         <name>DMA_INT0_IRQHandler</name>
         <value>0x4bbf</value>
      </symbol>
      <symbol id="sm-858">
         <name>PORT1_IRQHandler</name>
         <value>0x4bbf</value>
      </symbol>
      <symbol id="sm-859">
         <name>PORT2_IRQHandler</name>
         <value>0x4bbf</value>
      </symbol>
      <symbol id="sm-85a">
         <name>PORT3_IRQHandler</name>
         <value>0x4bbf</value>
      </symbol>
      <symbol id="sm-85b">
         <name>PORT4_IRQHandler</name>
         <value>0x4bbf</value>
      </symbol>
      <symbol id="sm-85c">
         <name>PORT5_IRQHandler</name>
         <value>0x4bbf</value>
      </symbol>
      <symbol id="sm-85d">
         <name>PORT6_IRQHandler</name>
         <value>0x4bbf</value>
      </symbol>
   </symbol_table>
   <title>Link successful</title>
</link_info>
