<?xml version="1.0" encoding="ISO-8859-1" ?>
<link_info>
   <banner>TI ARM Linker PC v20.2.4.LTS</banner>
   <copyright>Copyright (c) 1996-2018 Texas Instruments Incorporated</copyright>
   <link_time>0x609023ed</link_time>
   <link_errors>0x0</link_errors>
   <output_file>Homework 4.out</output_file>
   <entry_point>
      <name>_c_int00_noargs</name>
      <address>0x7c0d</address>
   </entry_point>
   <input_file_list>
      <input_file id="fl-2">
         <path>.\</path>
         <kind>object</kind>
         <file>lcd.obj</file>
         <name>lcd.obj</name>
      </input_file>
      <input_file id="fl-3">
         <path>.\</path>
         <kind>object</kind>
         <file>main.obj</file>
         <name>main.obj</name>
      </input_file>
      <input_file id="fl-4">
         <path>.\</path>
         <kind>object</kind>
         <file>space_ship.obj</file>
         <name>space_ship.obj</name>
      </input_file>
      <input_file id="fl-5">
         <path>.\</path>
         <kind>object</kind>
         <file>startup_msp432p401r_ccs.obj</file>
         <name>startup_msp432p401r_ccs.obj</name>
      </input_file>
      <input_file id="fl-6">
         <path>.\</path>
         <kind>object</kind>
         <file>system_msp432p401r.obj</file>
         <name>system_msp432p401r.obj</name>
      </input_file>
      <input_file id="fl-7">
         <path>.\</path>
         <kind>object</kind>
         <file>task_console.obj</file>
         <name>task_console.obj</name>
      </input_file>
      <input_file id="fl-8">
         <path>.\</path>
         <kind>object</kind>
         <file>task_joystick.obj</file>
         <name>task_joystick.obj</name>
      </input_file>
      <input_file id="fl-9">
         <path>.\</path>
         <kind>object</kind>
         <file>task_space_ship.obj</file>
         <name>task_space_ship.obj</name>
      </input_file>
      <input_file id="fl-a">
         <path>.\FreeRTOS\</path>
         <kind>object</kind>
         <file>croutine.obj</file>
         <name>croutine.obj</name>
      </input_file>
      <input_file id="fl-b">
         <path>.\FreeRTOS\</path>
         <kind>object</kind>
         <file>event_groups.obj</file>
         <name>event_groups.obj</name>
      </input_file>
      <input_file id="fl-c">
         <path>.\FreeRTOS\</path>
         <kind>object</kind>
         <file>heap_4.obj</file>
         <name>heap_4.obj</name>
      </input_file>
      <input_file id="fl-d">
         <path>.\FreeRTOS\</path>
         <kind>object</kind>
         <file>list.obj</file>
         <name>list.obj</name>
      </input_file>
      <input_file id="fl-e">
         <path>.\FreeRTOS\</path>
         <kind>object</kind>
         <file>queue.obj</file>
         <name>queue.obj</name>
      </input_file>
      <input_file id="fl-f">
         <path>.\FreeRTOS\</path>
         <kind>object</kind>
         <file>stream_buffer.obj</file>
         <name>stream_buffer.obj</name>
      </input_file>
      <input_file id="fl-10">
         <path>.\FreeRTOS\</path>
         <kind>object</kind>
         <file>tasks.obj</file>
         <name>tasks.obj</name>
      </input_file>
      <input_file id="fl-11">
         <path>.\FreeRTOS\</path>
         <kind>object</kind>
         <file>timers.obj</file>
         <name>timers.obj</name>
      </input_file>
      <input_file id="fl-12">
         <path>.\FreeRTOS\portable\</path>
         <kind>object</kind>
         <file>port.obj</file>
         <name>port.obj</name>
      </input_file>
      <input_file id="fl-13">
         <path>.\FreeRTOS\portable\</path>
         <kind>object</kind>
         <file>portasm.obj</file>
         <name>portasm.obj</name>
      </input_file>
      <input_file id="fl-17">
         <kind>object</kind>
         <file>&lt;internal&gt;</file>
         <name>&lt;internal&gt;</name>
      </input_file>
      <input_file id="fl-cd">
         <path>C:\Users\13478\Desktop\ece353\ccs\tools\compiler\ti-cgt-arm_20.2.4.LTS\lib\</path>
         <kind>archive</kind>
         <file>rtsv7M4_T_le_v4SPD16_eabi.lib</file>
         <name>printf.c.obj</name>
      </input_file>
      <input_file id="fl-ce">
         <path>C:\Users\13478\Desktop\ece353\ccs\tools\compiler\ti-cgt-arm_20.2.4.LTS\lib\</path>
         <kind>archive</kind>
         <file>rtsv7M4_T_le_v4SPD16_eabi.lib</file>
         <name>_printfi.c.obj</name>
      </input_file>
      <input_file id="fl-cf">
         <path>C:\Users\13478\Desktop\ece353\ccs\tools\compiler\ti-cgt-arm_20.2.4.LTS\lib\</path>
         <kind>archive</kind>
         <file>rtsv7M4_T_le_v4SPD16_eabi.lib</file>
         <name>fputs.c.obj</name>
      </input_file>
      <input_file id="fl-d0">
         <path>C:\Users\13478\Desktop\ece353\ccs\tools\compiler\ti-cgt-arm_20.2.4.LTS\lib\</path>
         <kind>archive</kind>
         <file>rtsv7M4_T_le_v4SPD16_eabi.lib</file>
         <name>_io_perm.c.obj</name>
      </input_file>
      <input_file id="fl-d1">
         <path>C:\Users\13478\Desktop\ece353\ccs\tools\compiler\ti-cgt-arm_20.2.4.LTS\lib\</path>
         <kind>archive</kind>
         <file>rtsv7M4_T_le_v4SPD16_eabi.lib</file>
         <name>setvbuf.c.obj</name>
      </input_file>
      <input_file id="fl-d2">
         <path>C:\Users\13478\Desktop\ece353\ccs\tools\compiler\ti-cgt-arm_20.2.4.LTS\lib\</path>
         <kind>archive</kind>
         <file>rtsv7M4_T_le_v4SPD16_eabi.lib</file>
         <name>s_frexp.c.obj</name>
      </input_file>
      <input_file id="fl-d3">
         <path>C:\Users\13478\Desktop\ece353\ccs\tools\compiler\ti-cgt-arm_20.2.4.LTS\lib\</path>
         <kind>archive</kind>
         <file>rtsv7M4_T_le_v4SPD16_eabi.lib</file>
         <name>s_scalbn.c.obj</name>
      </input_file>
      <input_file id="fl-d4">
         <path>C:\Users\13478\Desktop\ece353\ccs\tools\compiler\ti-cgt-arm_20.2.4.LTS\lib\</path>
         <kind>archive</kind>
         <file>rtsv7M4_T_le_v4SPD16_eabi.lib</file>
         <name>s_copysign.c.obj</name>
      </input_file>
      <input_file id="fl-d5">
         <path>C:\Users\13478\Desktop\ece353\ccs\tools\compiler\ti-cgt-arm_20.2.4.LTS\lib\</path>
         <kind>archive</kind>
         <file>rtsv7M4_T_le_v4SPD16_eabi.lib</file>
         <name>ull_div_t2.asm.obj</name>
      </input_file>
      <input_file id="fl-d6">
         <path>C:\Users\13478\Desktop\ece353\ccs\tools\compiler\ti-cgt-arm_20.2.4.LTS\lib\</path>
         <kind>archive</kind>
         <file>rtsv7M4_T_le_v4SPD16_eabi.lib</file>
         <name>memset_t2.asm.obj</name>
      </input_file>
      <input_file id="fl-d7">
         <path>C:\Users\13478\Desktop\ece353\ccs\tools\compiler\ti-cgt-arm_20.2.4.LTS\lib\</path>
         <kind>archive</kind>
         <file>rtsv7M4_T_le_v4SPD16_eabi.lib</file>
         <name>fd_add_t2.asm.obj</name>
      </input_file>
      <input_file id="fl-d8">
         <path>C:\Users\13478\Desktop\ece353\ccs\tools\compiler\ti-cgt-arm_20.2.4.LTS\lib\</path>
         <kind>archive</kind>
         <file>rtsv7M4_T_le_v4SPD16_eabi.lib</file>
         <name>fd_cmp_t2.asm.obj</name>
      </input_file>
      <input_file id="fl-d9">
         <path>C:\Users\13478\Desktop\ece353\ccs\tools\compiler\ti-cgt-arm_20.2.4.LTS\lib\</path>
         <kind>archive</kind>
         <file>rtsv7M4_T_le_v4SPD16_eabi.lib</file>
         <name>fd_div_t2.asm.obj</name>
      </input_file>
      <input_file id="fl-da">
         <path>C:\Users\13478\Desktop\ece353\ccs\tools\compiler\ti-cgt-arm_20.2.4.LTS\lib\</path>
         <kind>archive</kind>
         <file>rtsv7M4_T_le_v4SPD16_eabi.lib</file>
         <name>fd_mul_t2.asm.obj</name>
      </input_file>
      <input_file id="fl-db">
         <path>C:\Users\13478\Desktop\ece353\ccs\tools\compiler\ti-cgt-arm_20.2.4.LTS\lib\</path>
         <kind>archive</kind>
         <file>rtsv7M4_T_le_v4SPD16_eabi.lib</file>
         <name>fd_toi_t2.asm.obj</name>
      </input_file>
      <input_file id="fl-dc">
         <path>C:\Users\13478\Desktop\ece353\ccs\tools\compiler\ti-cgt-arm_20.2.4.LTS\lib\</path>
         <kind>archive</kind>
         <file>rtsv7M4_T_le_v4SPD16_eabi.lib</file>
         <name>i_tofd_t2.asm.obj</name>
      </input_file>
      <input_file id="fl-dd">
         <path>C:\Users\13478\Desktop\ece353\ccs\tools\compiler\ti-cgt-arm_20.2.4.LTS\lib\</path>
         <kind>archive</kind>
         <file>rtsv7M4_T_le_v4SPD16_eabi.lib</file>
         <name>memcpy_t2.asm.obj</name>
      </input_file>
      <input_file id="fl-de">
         <path>C:\Users\13478\Desktop\ece353\ccs\tools\compiler\ti-cgt-arm_20.2.4.LTS\lib\</path>
         <kind>archive</kind>
         <file>rtsv7M4_T_le_v4SPD16_eabi.lib</file>
         <name>copy_zero_init.c.obj</name>
      </input_file>
      <input_file id="fl-df">
         <path>C:\Users\13478\Desktop\ece353\ccs\tools\compiler\ti-cgt-arm_20.2.4.LTS\lib\</path>
         <kind>archive</kind>
         <file>rtsv7M4_T_le_v4SPD16_eabi.lib</file>
         <name>copy_decompress_none.c.obj</name>
      </input_file>
      <input_file id="fl-e0">
         <path>C:\Users\13478\Desktop\ece353\ccs\tools\compiler\ti-cgt-arm_20.2.4.LTS\lib\</path>
         <kind>archive</kind>
         <file>rtsv7M4_T_le_v4SPD16_eabi.lib</file>
         <name>copy_decompress_lzss.c.obj</name>
      </input_file>
      <input_file id="fl-e1">
         <path>C:\Users\13478\Desktop\ece353\ccs\tools\compiler\ti-cgt-arm_20.2.4.LTS\lib\</path>
         <kind>archive</kind>
         <file>rtsv7M4_T_le_v4SPD16_eabi.lib</file>
         <name>exit.c.obj</name>
      </input_file>
      <input_file id="fl-e2">
         <path>C:\Users\13478\Desktop\ece353\ccs\tools\compiler\ti-cgt-arm_20.2.4.LTS\lib\</path>
         <kind>archive</kind>
         <file>rtsv7M4_T_le_v4SPD16_eabi.lib</file>
         <name>_lock.c.obj</name>
      </input_file>
      <input_file id="fl-e3">
         <path>C:\Users\13478\Desktop\ece353\ccs\tools\compiler\ti-cgt-arm_20.2.4.LTS\lib\</path>
         <kind>archive</kind>
         <file>rtsv7M4_T_le_v4SPD16_eabi.lib</file>
         <name>_ltoa.c.obj</name>
      </input_file>
      <input_file id="fl-e4">
         <path>C:\Users\13478\Desktop\ece353\ccs\tools\compiler\ti-cgt-arm_20.2.4.LTS\lib\</path>
         <kind>archive</kind>
         <file>rtsv7M4_T_le_v4SPD16_eabi.lib</file>
         <name>atoi.c.obj</name>
      </input_file>
      <input_file id="fl-e5">
         <path>C:\Users\13478\Desktop\ece353\ccs\tools\compiler\ti-cgt-arm_20.2.4.LTS\lib\</path>
         <kind>archive</kind>
         <file>rtsv7M4_T_le_v4SPD16_eabi.lib</file>
         <name>ctype.c.obj</name>
      </input_file>
      <input_file id="fl-e6">
         <path>C:\Users\13478\Desktop\ece353\ccs\tools\compiler\ti-cgt-arm_20.2.4.LTS\lib\</path>
         <kind>archive</kind>
         <file>rtsv7M4_T_le_v4SPD16_eabi.lib</file>
         <name>defs.c.obj</name>
      </input_file>
      <input_file id="fl-e7">
         <path>C:\Users\13478\Desktop\ece353\ccs\tools\compiler\ti-cgt-arm_20.2.4.LTS\lib\</path>
         <kind>archive</kind>
         <file>rtsv7M4_T_le_v4SPD16_eabi.lib</file>
         <name>isdigit.c.obj</name>
      </input_file>
      <input_file id="fl-e8">
         <path>C:\Users\13478\Desktop\ece353\ccs\tools\compiler\ti-cgt-arm_20.2.4.LTS\lib\</path>
         <kind>archive</kind>
         <file>rtsv7M4_T_le_v4SPD16_eabi.lib</file>
         <name>memccpy.c.obj</name>
      </input_file>
      <input_file id="fl-e9">
         <path>C:\Users\13478\Desktop\ece353\ccs\tools\compiler\ti-cgt-arm_20.2.4.LTS\lib\</path>
         <kind>archive</kind>
         <file>rtsv7M4_T_le_v4SPD16_eabi.lib</file>
         <name>memchr.c.obj</name>
      </input_file>
      <input_file id="fl-ea">
         <path>C:\Users\13478\Desktop\ece353\ccs\tools\compiler\ti-cgt-arm_20.2.4.LTS\lib\</path>
         <kind>archive</kind>
         <file>rtsv7M4_T_le_v4SPD16_eabi.lib</file>
         <name>memory.c.obj</name>
      </input_file>
      <input_file id="fl-eb">
         <path>C:\Users\13478\Desktop\ece353\ccs\tools\compiler\ti-cgt-arm_20.2.4.LTS\lib\</path>
         <kind>archive</kind>
         <file>rtsv7M4_T_le_v4SPD16_eabi.lib</file>
         <name>strchr.c.obj</name>
      </input_file>
      <input_file id="fl-ec">
         <path>C:\Users\13478\Desktop\ece353\ccs\tools\compiler\ti-cgt-arm_20.2.4.LTS\lib\</path>
         <kind>archive</kind>
         <file>rtsv7M4_T_le_v4SPD16_eabi.lib</file>
         <name>strlen.c.obj</name>
      </input_file>
      <input_file id="fl-ed">
         <path>C:\Users\13478\Desktop\ece353\ccs\tools\compiler\ti-cgt-arm_20.2.4.LTS\lib\</path>
         <kind>archive</kind>
         <file>rtsv7M4_T_le_v4SPD16_eabi.lib</file>
         <name>errno.c.obj</name>
      </input_file>
      <input_file id="fl-ee">
         <path>C:\Users\13478\Desktop\ece353\ccs\tools\compiler\ti-cgt-arm_20.2.4.LTS\lib\</path>
         <kind>archive</kind>
         <file>rtsv7M4_T_le_v4SPD16_eabi.lib</file>
         <name>boot_cortex_m.c.obj</name>
      </input_file>
      <input_file id="fl-ef">
         <path>C:\Users\13478\Desktop\ece353\ccs\tools\compiler\ti-cgt-arm_20.2.4.LTS\lib\</path>
         <kind>archive</kind>
         <file>rtsv7M4_T_le_v4SPD16_eabi.lib</file>
         <name>write.c.obj</name>
      </input_file>
      <input_file id="fl-f0">
         <path>C:\Users\13478\Desktop\ece353\ccs\tools\compiler\ti-cgt-arm_20.2.4.LTS\lib\</path>
         <kind>archive</kind>
         <file>rtsv7M4_T_le_v4SPD16_eabi.lib</file>
         <name>host_device.c.obj</name>
      </input_file>
      <input_file id="fl-f1">
         <path>C:\Users\13478\Desktop\ece353\ccs\tools\compiler\ti-cgt-arm_20.2.4.LTS\lib\</path>
         <kind>archive</kind>
         <file>rtsv7M4_T_le_v4SPD16_eabi.lib</file>
         <name>wcslen.c.obj</name>
      </input_file>
      <input_file id="fl-f2">
         <path>C:\Users\13478\Desktop\ece353\ccs\tools\compiler\ti-cgt-arm_20.2.4.LTS\lib\</path>
         <kind>archive</kind>
         <file>rtsv7M4_T_le_v4SPD16_eabi.lib</file>
         <name>fflush.c.obj</name>
      </input_file>
      <input_file id="fl-f3">
         <path>C:\Users\13478\Desktop\ece353\ccs\tools\compiler\ti-cgt-arm_20.2.4.LTS\lib\</path>
         <kind>archive</kind>
         <file>rtsv7M4_T_le_v4SPD16_eabi.lib</file>
         <name>fopen.c.obj</name>
      </input_file>
      <input_file id="fl-f4">
         <path>C:\Users\13478\Desktop\ece353\ccs\tools\compiler\ti-cgt-arm_20.2.4.LTS\lib\</path>
         <kind>archive</kind>
         <file>rtsv7M4_T_le_v4SPD16_eabi.lib</file>
         <name>fseek.c.obj</name>
      </input_file>
      <input_file id="fl-f5">
         <path>C:\Users\13478\Desktop\ece353\ccs\tools\compiler\ti-cgt-arm_20.2.4.LTS\lib\</path>
         <kind>archive</kind>
         <file>rtsv7M4_T_le_v4SPD16_eabi.lib</file>
         <name>div0.asm.obj</name>
      </input_file>
      <input_file id="fl-f6">
         <path>C:\Users\13478\Desktop\ece353\ccs\tools\compiler\ti-cgt-arm_20.2.4.LTS\lib\</path>
         <kind>archive</kind>
         <file>rtsv7M4_T_le_v4SPD16_eabi.lib</file>
         <name>autoinit.c.obj</name>
      </input_file>
      <input_file id="fl-f7">
         <path>C:\Users\13478\Desktop\ece353\ccs\tools\compiler\ti-cgt-arm_20.2.4.LTS\lib\</path>
         <kind>archive</kind>
         <file>rtsv7M4_T_le_v4SPD16_eabi.lib</file>
         <name>pre_init.c.obj</name>
      </input_file>
      <input_file id="fl-f8">
         <path>C:\Users\13478\Desktop\ece353\ccs\tools\compiler\ti-cgt-arm_20.2.4.LTS\lib\</path>
         <kind>archive</kind>
         <file>rtsv7M4_T_le_v4SPD16_eabi.lib</file>
         <name>cpy_tbl.c.obj</name>
      </input_file>
      <input_file id="fl-f9">
         <path>C:\Users\13478\Desktop\ece353\ccs\tools\compiler\ti-cgt-arm_20.2.4.LTS\lib\</path>
         <kind>archive</kind>
         <file>rtsv7M4_T_le_v4SPD16_eabi.lib</file>
         <name>args_main.c.obj</name>
      </input_file>
      <input_file id="fl-fa">
         <path>C:\Users\13478\Desktop\ece353\ccs\tools\compiler\ti-cgt-arm_20.2.4.LTS\lib\</path>
         <kind>archive</kind>
         <file>rtsv7M4_T_le_v4SPD16_eabi.lib</file>
         <name>hostclose.c.obj</name>
      </input_file>
      <input_file id="fl-fb">
         <path>C:\Users\13478\Desktop\ece353\ccs\tools\compiler\ti-cgt-arm_20.2.4.LTS\lib\</path>
         <kind>archive</kind>
         <file>rtsv7M4_T_le_v4SPD16_eabi.lib</file>
         <name>hostlseek.c.obj</name>
      </input_file>
      <input_file id="fl-fc">
         <path>C:\Users\13478\Desktop\ece353\ccs\tools\compiler\ti-cgt-arm_20.2.4.LTS\lib\</path>
         <kind>archive</kind>
         <file>rtsv7M4_T_le_v4SPD16_eabi.lib</file>
         <name>hostopen.c.obj</name>
      </input_file>
      <input_file id="fl-fd">
         <path>C:\Users\13478\Desktop\ece353\ccs\tools\compiler\ti-cgt-arm_20.2.4.LTS\lib\</path>
         <kind>archive</kind>
         <file>rtsv7M4_T_le_v4SPD16_eabi.lib</file>
         <name>hostread.c.obj</name>
      </input_file>
      <input_file id="fl-fe">
         <path>C:\Users\13478\Desktop\ece353\ccs\tools\compiler\ti-cgt-arm_20.2.4.LTS\lib\</path>
         <kind>archive</kind>
         <file>rtsv7M4_T_le_v4SPD16_eabi.lib</file>
         <name>hostrename.c.obj</name>
      </input_file>
      <input_file id="fl-ff">
         <path>C:\Users\13478\Desktop\ece353\ccs\tools\compiler\ti-cgt-arm_20.2.4.LTS\lib\</path>
         <kind>archive</kind>
         <file>rtsv7M4_T_le_v4SPD16_eabi.lib</file>
         <name>hostunlink.c.obj</name>
      </input_file>
      <input_file id="fl-100">
         <path>C:\Users\13478\Desktop\ece353\ccs\tools\compiler\ti-cgt-arm_20.2.4.LTS\lib\</path>
         <kind>archive</kind>
         <file>rtsv7M4_T_le_v4SPD16_eabi.lib</file>
         <name>hostwrite.c.obj</name>
      </input_file>
      <input_file id="fl-101">
         <path>C:\Users\13478\Desktop\ece353\ccs\tools\compiler\ti-cgt-arm_20.2.4.LTS\lib\</path>
         <kind>archive</kind>
         <file>rtsv7M4_T_le_v4SPD16_eabi.lib</file>
         <name>trgmsg.c.obj</name>
      </input_file>
      <input_file id="fl-102">
         <path>C:\Users\13478\Desktop\ece353\ccs\tools\compiler\ti-cgt-arm_20.2.4.LTS\lib\</path>
         <kind>archive</kind>
         <file>rtsv7M4_T_le_v4SPD16_eabi.lib</file>
         <name>open.c.obj</name>
      </input_file>
      <input_file id="fl-103">
         <path>C:\Users\13478\Desktop\ece353\ccs\tools\compiler\ti-cgt-arm_20.2.4.LTS\lib\</path>
         <kind>archive</kind>
         <file>rtsv7M4_T_le_v4SPD16_eabi.lib</file>
         <name>lseek.c.obj</name>
      </input_file>
      <input_file id="fl-104">
         <path>C:\Users\13478\Desktop\ece353\ccs\tools\compiler\ti-cgt-arm_20.2.4.LTS\lib\</path>
         <kind>archive</kind>
         <file>rtsv7M4_T_le_v4SPD16_eabi.lib</file>
         <name>fclose.c.obj</name>
      </input_file>
      <input_file id="fl-105">
         <path>C:\Users\13478\Desktop\ece353\ccs\tools\compiler\ti-cgt-arm_20.2.4.LTS\lib\</path>
         <kind>archive</kind>
         <file>rtsv7M4_T_le_v4SPD16_eabi.lib</file>
         <name>getdevice.c.obj</name>
      </input_file>
      <input_file id="fl-106">
         <path>C:\Users\13478\Desktop\ece353\ccs\tools\compiler\ti-cgt-arm_20.2.4.LTS\lib\</path>
         <kind>archive</kind>
         <file>rtsv7M4_T_le_v4SPD16_eabi.lib</file>
         <name>strcmp.c.obj</name>
      </input_file>
      <input_file id="fl-107">
         <path>C:\Users\13478\Desktop\ece353\ccs\tools\compiler\ti-cgt-arm_20.2.4.LTS\lib\</path>
         <kind>archive</kind>
         <file>rtsv7M4_T_le_v4SPD16_eabi.lib</file>
         <name>strcpy.c.obj</name>
      </input_file>
      <input_file id="fl-108">
         <path>C:\Users\13478\Desktop\ece353\ccs\tools\compiler\ti-cgt-arm_20.2.4.LTS\lib\</path>
         <kind>archive</kind>
         <file>rtsv7M4_T_le_v4SPD16_eabi.lib</file>
         <name>strncpy.c.obj</name>
      </input_file>
      <input_file id="fl-109">
         <path>C:\Users\13478\Desktop\ece353\ccs\tools\compiler\ti-cgt-arm_20.2.4.LTS\lib\</path>
         <kind>archive</kind>
         <file>rtsv7M4_T_le_v4SPD16_eabi.lib</file>
         <name>remove.c.obj</name>
      </input_file>
      <input_file id="fl-10a">
         <path>C:\Users\13478\Desktop\ece353\ccs\tools\compiler\ti-cgt-arm_20.2.4.LTS\lib\</path>
         <kind>archive</kind>
         <file>rtsv7M4_T_le_v4SPD16_eabi.lib</file>
         <name>close.c.obj</name>
      </input_file>
      <input_file id="fl-10b">
         <path>C:\Users\13478\Desktop\ece353\ccs\tools\compiler\ti-cgt-arm_20.2.4.LTS\lib\</path>
         <kind>archive</kind>
         <file>rtsv7M4_T_le_v4SPD16_eabi.lib</file>
         <name>unlink.c.obj</name>
      </input_file>
   </input_file_list>
   <object_component_list>
      <object_component id="oc-26">
         <name>.intvecs:retain</name>
         <load_address>0x0</load_address>
         <run_address>0x0</run_address>
         <size>0xe4</size>
         <input_file_ref idref="fl-5"/>
      </object_component>
      <object_component id="oc-d0">
         <name>.text</name>
         <load_address>0xe4</load_address>
         <run_address>0xe4</run_address>
         <size>0x20c8</size>
         <input_file_ref idref="fl-10"/>
      </object_component>
      <object_component id="oc-eb">
         <name>.text</name>
         <load_address>0x21ac</load_address>
         <run_address>0x21ac</run_address>
         <size>0x1110</size>
         <input_file_ref idref="fl-e"/>
      </object_component>
      <object_component id="oc-1f3">
         <name>.text:__TI_printfi</name>
         <load_address>0x32bc</load_address>
         <run_address>0x32bc</run_address>
         <size>0xa4e</size>
         <input_file_ref idref="fl-ce"/>
      </object_component>
      <object_component id="oc-301">
         <name>.text:_nop</name>
         <load_address>0x3d0a</load_address>
         <run_address>0x3d0a</run_address>
         <size>0x2</size>
         <input_file_ref idref="fl-e2"/>
      </object_component>
      <object_component id="oc-1bc">
         <name>.text</name>
         <load_address>0x3d0c</load_address>
         <run_address>0x3d0c</run_address>
         <size>0x7a4</size>
         <input_file_ref idref="fl-11"/>
      </object_component>
      <object_component id="oc-23d">
         <name>.text</name>
         <load_address>0x44b0</load_address>
         <run_address>0x44b0</run_address>
         <size>0x518</size>
         <input_file_ref idref="fl-2"/>
      </object_component>
      <object_component id="oc-1a4">
         <name>.text</name>
         <load_address>0x49c8</load_address>
         <run_address>0x49c8</run_address>
         <size>0x454</size>
         <input_file_ref idref="fl-c"/>
      </object_component>
      <object_component id="oc-75">
         <name>.text</name>
         <load_address>0x4e1c</load_address>
         <run_address>0x4e1c</run_address>
         <size>0x438</size>
         <input_file_ref idref="fl-12"/>
      </object_component>
      <object_component id="oc-c3">
         <name>.text</name>
         <load_address>0x5254</load_address>
         <run_address>0x5254</run_address>
         <size>0x354</size>
         <input_file_ref idref="fl-6"/>
      </object_component>
      <object_component id="oc-7b">
         <name>.text</name>
         <load_address>0x55a8</load_address>
         <run_address>0x55a8</run_address>
         <size>0x2d0</size>
         <input_file_ref idref="fl-7"/>
      </object_component>
      <object_component id="oc-2dd">
         <name>.text:_pconv_a</name>
         <load_address>0x5878</load_address>
         <run_address>0x5878</run_address>
         <size>0x270</size>
         <input_file_ref idref="fl-ce"/>
      </object_component>
      <object_component id="oc-81">
         <name>.text</name>
         <load_address>0x5ae8</load_address>
         <run_address>0x5ae8</run_address>
         <size>0x20c</size>
         <input_file_ref idref="fl-8"/>
      </object_component>
      <object_component id="oc-2cb">
         <name>.text:_pconv_g</name>
         <load_address>0x5cf4</load_address>
         <run_address>0x5cf4</run_address>
         <size>0x1d0</size>
         <input_file_ref idref="fl-ce"/>
      </object_component>
      <object_component id="oc-39d">
         <name>.text</name>
         <load_address>0x5ec4</load_address>
         <run_address>0x5ec4</run_address>
         <size>0x1b6</size>
         <input_file_ref idref="fl-d7"/>
      </object_component>
      <object_component id="oc-420">
         <name>.text</name>
         <load_address>0x607a</load_address>
         <run_address>0x607a</run_address>
         <size>0x2</size>
         <input_file_ref idref="fl-f5"/>
      </object_component>
      <object_component id="oc-149">
         <name>.text</name>
         <load_address>0x607c</load_address>
         <run_address>0x607c</run_address>
         <size>0x16c</size>
         <input_file_ref idref="fl-9"/>
      </object_component>
      <object_component id="oc-b1">
         <name>.text</name>
         <load_address>0x61e8</load_address>
         <run_address>0x61e8</run_address>
         <size>0x160</size>
         <input_file_ref idref="fl-3"/>
      </object_component>
      <object_component id="oc-2d7">
         <name>.text:_pconv_e</name>
         <load_address>0x6348</load_address>
         <run_address>0x6348</run_address>
         <size>0x13c</size>
         <input_file_ref idref="fl-ce"/>
      </object_component>
      <object_component id="oc-383">
         <name>.text</name>
         <load_address>0x6484</load_address>
         <run_address>0x6484</run_address>
         <size>0x136</size>
         <input_file_ref idref="fl-d9"/>
      </object_component>
      <object_component id="oc-1aa">
         <name>.text</name>
         <load_address>0x65ba</load_address>
         <run_address>0x65ba</run_address>
         <size>0x12a</size>
         <input_file_ref idref="fl-d"/>
      </object_component>
      <object_component id="oc-3af">
         <name>.text:fcvt</name>
         <load_address>0x66e4</load_address>
         <run_address>0x66e4</run_address>
         <size>0x124</size>
         <input_file_ref idref="fl-ce"/>
      </object_component>
      <object_component id="oc-30f">
         <name>.text:fputs</name>
         <load_address>0x6808</load_address>
         <run_address>0x6808</run_address>
         <size>0x114</size>
         <input_file_ref idref="fl-cf"/>
      </object_component>
      <object_component id="oc-3c3">
         <name>.text:scalbn</name>
         <load_address>0x691c</load_address>
         <run_address>0x691c</run_address>
         <size>0x110</size>
         <input_file_ref idref="fl-d3"/>
      </object_component>
      <object_component id="oc-4c7">
         <name>.text:aligned_alloc</name>
         <load_address>0x6a2c</load_address>
         <run_address>0x6a2c</run_address>
         <size>0x100</size>
         <input_file_ref idref="fl-ea"/>
      </object_component>
      <object_component id="oc-37e">
         <name>.text</name>
         <load_address>0x6b2c</load_address>
         <run_address>0x6b2c</run_address>
         <size>0xfc</size>
         <input_file_ref idref="fl-da"/>
      </object_component>
      <object_component id="oc-485">
         <name>.text:free</name>
         <load_address>0x6c28</load_address>
         <run_address>0x6c28</run_address>
         <size>0xe4</size>
         <input_file_ref idref="fl-ea"/>
      </object_component>
      <object_component id="oc-45b">
         <name>.text:setvbuf</name>
         <load_address>0x6d0c</load_address>
         <run_address>0x6d0c</run_address>
         <size>0xdc</size>
         <input_file_ref idref="fl-d1"/>
      </object_component>
      <object_component id="oc-70">
         <name>.text</name>
         <load_address>0x6de8</load_address>
         <run_address>0x6de8</run_address>
         <size>0xda</size>
         <input_file_ref idref="fl-13"/>
      </object_component>
      <object_component id="oc-2c0">
         <name>.text:_ltostr</name>
         <load_address>0x6ec4</load_address>
         <run_address>0x6ec4</run_address>
         <size>0xb1</size>
         <input_file_ref idref="fl-ce"/>
      </object_component>
      <object_component id="oc-3a">
         <name>.text</name>
         <load_address>0x6f76</load_address>
         <run_address>0x6f76</run_address>
         <size>0x9c</size>
         <input_file_ref idref="fl-dd"/>
      </object_component>
      <object_component id="oc-377">
         <name>.text</name>
         <load_address>0x7012</load_address>
         <run_address>0x7012</run_address>
         <size>0x96</size>
         <input_file_ref idref="fl-d5"/>
      </object_component>
      <object_component id="oc-2c6">
         <name>.text:__aeabi_cdcmple</name>
         <load_address>0x70a8</load_address>
         <run_address>0x70a8</run_address>
         <size>0x86</size>
         <input_file_ref idref="fl-d8"/>
      </object_component>
      <object_component id="oc-388">
         <name>.text:__aeabi_cdrcmple</name>
         <load_address>0x712e</load_address>
         <run_address>0x712e</run_address>
         <size>0x86</size>
         <input_file_ref idref="fl-d8"/>
      </object_component>
      <object_component id="oc-a5">
         <name>.text</name>
         <load_address>0x71b4</load_address>
         <run_address>0x71b4</run_address>
         <size>0x7a</size>
         <input_file_ref idref="fl-d6"/>
      </object_component>
      <object_component id="oc-4ce">
         <name>.text:__TI_closefile</name>
         <load_address>0x7230</load_address>
         <run_address>0x7230</run_address>
         <size>0x74</size>
         <input_file_ref idref="fl-104"/>
      </object_component>
      <object_component id="oc-50f">
         <name>.text:split</name>
         <load_address>0x72a4</load_address>
         <run_address>0x72a4</run_address>
         <size>0x70</size>
         <input_file_ref idref="fl-ea"/>
      </object_component>
      <object_component id="oc-3a8">
         <name>.text:_mcpy</name>
         <load_address>0x7314</load_address>
         <run_address>0x7314</run_address>
         <size>0x6e</size>
         <input_file_ref idref="fl-ce"/>
      </object_component>
      <object_component id="oc-4fe">
         <name>.text:HOSTrename</name>
         <load_address>0x7384</load_address>
         <run_address>0x7384</run_address>
         <size>0x6c</size>
         <input_file_ref idref="fl-fe"/>
      </object_component>
      <object_component id="oc-4f2">
         <name>.text:HOSTlseek</name>
         <load_address>0x73f0</load_address>
         <run_address>0x73f0</run_address>
         <size>0x68</size>
         <input_file_ref idref="fl-fb"/>
      </object_component>
      <object_component id="oc-17">
         <name>.text:decompress:lzss:__TI_decompress_lzss</name>
         <load_address>0x7458</load_address>
         <run_address>0x7458</run_address>
         <size>0x68</size>
         <input_file_ref idref="fl-e0"/>
      </object_component>
      <object_component id="oc-f1">
         <name>.text:printf</name>
         <load_address>0x74c0</load_address>
         <run_address>0x74c0</run_address>
         <size>0x68</size>
         <input_file_ref idref="fl-cd"/>
      </object_component>
      <object_component id="oc-3bd">
         <name>.text:frexp</name>
         <load_address>0x7528</load_address>
         <run_address>0x7528</run_address>
         <size>0x64</size>
         <input_file_ref idref="fl-d2"/>
      </object_component>
      <object_component id="oc-455">
         <name>.text:fseek</name>
         <load_address>0x758c</load_address>
         <run_address>0x758c</run_address>
         <size>0x64</size>
         <input_file_ref idref="fl-f4"/>
      </object_component>
      <object_component id="oc-3f4">
         <name>.text:__TI_wrt_ok</name>
         <load_address>0x75f0</load_address>
         <run_address>0x75f0</run_address>
         <size>0x62</size>
         <input_file_ref idref="fl-d0"/>
      </object_component>
      <object_component id="oc-4da">
         <name>.text:HOSTopen</name>
         <load_address>0x7654</load_address>
         <run_address>0x7654</run_address>
         <size>0x60</size>
         <input_file_ref idref="fl-fc"/>
      </object_component>
      <object_component id="oc-516">
         <name>.text:close</name>
         <load_address>0x76b4</load_address>
         <run_address>0x76b4</run_address>
         <size>0x5c</size>
         <input_file_ref idref="fl-10a"/>
      </object_component>
      <object_component id="oc-4e6">
         <name>.text:HOSTread</name>
         <load_address>0x7710</load_address>
         <run_address>0x7710</run_address>
         <size>0x58</size>
         <input_file_ref idref="fl-fd"/>
      </object_component>
      <object_component id="oc-4ec">
         <name>.text:HOSTwrite</name>
         <load_address>0x7768</load_address>
         <run_address>0x7768</run_address>
         <size>0x58</size>
         <input_file_ref idref="fl-100"/>
      </object_component>
      <object_component id="oc-2d1">
         <name>.text:_pconv_f</name>
         <load_address>0x77c0</load_address>
         <run_address>0x77c0</run_address>
         <size>0x56</size>
         <input_file_ref idref="fl-ce"/>
      </object_component>
      <object_component id="oc-392">
         <name>.text:__TI_ltoa</name>
         <load_address>0x7816</load_address>
         <run_address>0x7816</run_address>
         <size>0x54</size>
         <input_file_ref idref="fl-e3"/>
      </object_component>
      <object_component id="oc-3a2">
         <name>.text:_ecpy</name>
         <load_address>0x786a</load_address>
         <run_address>0x786a</run_address>
         <size>0x52</size>
         <input_file_ref idref="fl-ce"/>
      </object_component>
      <object_component id="oc-400">
         <name>.text:__TI_doflush</name>
         <load_address>0x78bc</load_address>
         <run_address>0x78bc</run_address>
         <size>0x4c</size>
         <input_file_ref idref="fl-f2"/>
      </object_component>
      <object_component id="oc-fd">
         <name>.text:atoi</name>
         <load_address>0x7908</load_address>
         <run_address>0x7908</run_address>
         <size>0x4c</size>
         <input_file_ref idref="fl-e4"/>
      </object_component>
      <object_component id="oc-15e">
         <name>.text:exit</name>
         <load_address>0x7954</load_address>
         <run_address>0x7954</run_address>
         <size>0x48</size>
         <input_file_ref idref="fl-e1"/>
      </object_component>
      <object_component id="oc-38d">
         <name>.text</name>
         <load_address>0x799c</load_address>
         <run_address>0x799c</run_address>
         <size>0x48</size>
         <input_file_ref idref="fl-db"/>
      </object_component>
      <object_component id="oc-4e0">
         <name>.text:HOSTclose</name>
         <load_address>0x79e4</load_address>
         <run_address>0x79e4</run_address>
         <size>0x44</size>
         <input_file_ref idref="fl-fa"/>
      </object_component>
      <object_component id="oc-4f8">
         <name>.text:HOSTunlink</name>
         <load_address>0x7a28</load_address>
         <run_address>0x7a28</run_address>
         <size>0x44</size>
         <input_file_ref idref="fl-ff"/>
      </object_component>
      <object_component id="oc-164">
         <name>.text:__TI_auto_init_nobinit_nopinit:__TI_auto_init_nobinit_nopinit</name>
         <load_address>0x7a6c</load_address>
         <run_address>0x7a6c</run_address>
         <size>0x44</size>
         <input_file_ref idref="fl-f6"/>
      </object_component>
      <object_component id="oc-54e">
         <name>.text:getdevice</name>
         <load_address>0x7ab0</load_address>
         <run_address>0x7ab0</run_address>
         <size>0x44</size>
         <input_file_ref idref="fl-105"/>
      </object_component>
      <object_component id="oc-3b5">
         <name>.text:_fcpy</name>
         <load_address>0x7af4</load_address>
         <run_address>0x7af4</run_address>
         <size>0x3e</size>
         <input_file_ref idref="fl-ce"/>
      </object_component>
      <object_component id="oc-527">
         <name>.text:__TI_writemsg</name>
         <load_address>0x7b34</load_address>
         <run_address>0x7b34</run_address>
         <size>0x38</size>
         <input_file_ref idref="fl-101"/>
      </object_component>
      <object_component id="oc-570">
         <name>.text:strncpy</name>
         <load_address>0x7b6c</load_address>
         <run_address>0x7b6c</run_address>
         <size>0x36</size>
         <input_file_ref idref="fl-108"/>
      </object_component>
      <object_component id="oc-491">
         <name>.text:__TI_cleanup</name>
         <load_address>0x7ba4</load_address>
         <run_address>0x7ba4</run_address>
         <size>0x34</size>
         <input_file_ref idref="fl-f3"/>
      </object_component>
      <object_component id="oc-52d">
         <name>.text:__TI_readmsg</name>
         <load_address>0x7bd8</load_address>
         <run_address>0x7bd8</run_address>
         <size>0x34</size>
         <input_file_ref idref="fl-101"/>
      </object_component>
      <object_component id="oc-58">
         <name>.text:_c_int00_noargs:_c_int00_noargs</name>
         <load_address>0x7c0c</load_address>
         <run_address>0x7c0c</run_address>
         <size>0x34</size>
         <input_file_ref idref="fl-ee"/>
      </object_component>
      <object_component id="oc-576">
         <name>.text:finddevice</name>
         <load_address>0x7c40</load_address>
         <run_address>0x7c40</run_address>
         <size>0x30</size>
         <input_file_ref idref="fl-105"/>
      </object_component>
      <object_component id="oc-398">
         <name>.text</name>
         <load_address>0x7c70</load_address>
         <run_address>0x7c70</run_address>
         <size>0x2e</size>
         <input_file_ref idref="fl-dc"/>
      </object_component>
      <object_component id="oc-51c">
         <name>.text:unlink</name>
         <load_address>0x7ca0</load_address>
         <run_address>0x7ca0</run_address>
         <size>0x2c</size>
         <input_file_ref idref="fl-10b"/>
      </object_component>
      <object_component id="oc-4c0">
         <name>.text:free_list_insert</name>
         <load_address>0x7ccc</load_address>
         <run_address>0x7ccc</run_address>
         <size>0x28</size>
         <input_file_ref idref="fl-ea"/>
      </object_component>
      <object_component id="oc-47d">
         <name>.text:lseek</name>
         <load_address>0x7cf4</load_address>
         <run_address>0x7cf4</run_address>
         <size>0x28</size>
         <input_file_ref idref="fl-103"/>
      </object_component>
      <object_component id="oc-406">
         <name>.text:write</name>
         <load_address>0x7d1c</load_address>
         <run_address>0x7d1c</run_address>
         <size>0x28</size>
         <input_file_ref idref="fl-ef"/>
      </object_component>
      <object_component id="oc-3fa">
         <name>.text:memchr</name>
         <load_address>0x7d44</load_address>
         <run_address>0x7d44</run_address>
         <size>0x20</size>
         <input_file_ref idref="fl-e9"/>
      </object_component>
      <object_component id="oc-4ba">
         <name>.text:free_list_remove</name>
         <load_address>0x7d64</load_address>
         <run_address>0x7d64</run_address>
         <size>0x1c</size>
         <input_file_ref idref="fl-ea"/>
      </object_component>
      <object_component id="oc-2e3">
         <name>.text:memccpy</name>
         <load_address>0x7d80</load_address>
         <run_address>0x7d80</run_address>
         <size>0x1c</size>
         <input_file_ref idref="fl-e8"/>
      </object_component>
      <object_component id="oc-439">
         <name>.text:copysign</name>
         <load_address>0x7d9c</load_address>
         <run_address>0x7d9c</run_address>
         <size>0x1a</size>
         <input_file_ref idref="fl-d4"/>
      </object_component>
      <object_component id="oc-58d">
         <name>.text:strcmp</name>
         <load_address>0x7db6</load_address>
         <run_address>0x7db6</run_address>
         <size>0x18</size>
         <input_file_ref idref="fl-106"/>
      </object_component>
      <object_component id="oc-3c9">
         <name>.text:strchr</name>
         <load_address>0x7dce</load_address>
         <run_address>0x7dce</run_address>
         <size>0x16</size>
         <input_file_ref idref="fl-eb"/>
      </object_component>
      <object_component id="oc-541">
         <name>.text:strcpy</name>
         <load_address>0x7de4</load_address>
         <run_address>0x7de4</run_address>
         <size>0x14</size>
         <input_file_ref idref="fl-107"/>
      </object_component>
      <object_component id="oc-2ba">
         <name>.text:strlen</name>
         <load_address>0x7df8</load_address>
         <run_address>0x7df8</run_address>
         <size>0x14</size>
         <input_file_ref idref="fl-ec"/>
      </object_component>
      <object_component id="oc-2e9">
         <name>.text:wcslen</name>
         <load_address>0x7e0c</load_address>
         <run_address>0x7e0c</run_address>
         <size>0x12</size>
         <input_file_ref idref="fl-f1"/>
      </object_component>
      <object_component id="oc-f7">
         <name>.text:isdigit</name>
         <load_address>0x7e20</load_address>
         <run_address>0x7e20</run_address>
         <size>0x10</size>
         <input_file_ref idref="fl-e7"/>
      </object_component>
      <object_component id="oc-1d">
         <name>.text:decompress:none:__TI_decompress_none</name>
         <load_address>0x7e30</load_address>
         <run_address>0x7e30</run_address>
         <size>0xe</size>
         <input_file_ref idref="fl-df"/>
      </object_component>
      <object_component id="oc-6a">
         <name>.text</name>
         <load_address>0x7e3e</load_address>
         <run_address>0x7e3e</run_address>
         <size>0xe</size>
         <input_file_ref idref="fl-5"/>
      </object_component>
      <object_component id="oc-4c">
         <name>.text:decompress:ZI:__TI_zero_init</name>
         <load_address>0x7e4c</load_address>
         <run_address>0x7e4c</run_address>
         <size>0xc</size>
         <input_file_ref idref="fl-de"/>
      </object_component>
      <object_component id="oc-2ef">
         <name>.text:__aeabi_errno_addr</name>
         <load_address>0x7e58</load_address>
         <run_address>0x7e58</run_address>
         <size>0x8</size>
         <input_file_ref idref="fl-ed"/>
      </object_component>
      <object_component id="oc-48b">
         <name>.text:malloc</name>
         <load_address>0x7e60</load_address>
         <run_address>0x7e60</run_address>
         <size>0x8</size>
         <input_file_ref idref="fl-ea"/>
      </object_component>
      <object_component id="oc-205">
         <name>.text:_outc</name>
         <load_address>0x7e68</load_address>
         <run_address>0x7e68</run_address>
         <size>0x4</size>
         <input_file_ref idref="fl-cd"/>
      </object_component>
      <object_component id="oc-1ff">
         <name>.text:_outs</name>
         <load_address>0x7e6c</load_address>
         <run_address>0x7e6c</run_address>
         <size>0x4</size>
         <input_file_ref idref="fl-cd"/>
      </object_component>
      <object_component id="oc-ab">
         <name>.text:_system_pre_init</name>
         <load_address>0x7e70</load_address>
         <run_address>0x7e70</run_address>
         <size>0x4</size>
         <input_file_ref idref="fl-f7"/>
      </object_component>
      <object_component id="oc-158">
         <name>.text:abort:abort</name>
         <load_address>0x7e74</load_address>
         <run_address>0x7e74</run_address>
         <size>0x4</size>
         <input_file_ref idref="fl-e1"/>
      </object_component>
      <object_component id="oc-212">
         <name>.const:.string:_ctypes_</name>
         <load_address>0x7e78</load_address>
         <run_address>0x7e78</run_address>
         <size>0x101</size>
         <input_file_ref idref="fl-e5"/>
      </object_component>
      <object_component id="oc-246">
         <name>.const:.string:space_shipBitmaps</name>
         <load_address>0x7f79</load_address>
         <run_address>0x7f79</run_address>
         <size>0xfc</size>
         <input_file_ref idref="fl-4"/>
      </object_component>
      <object_component id="oc-243">
         <name>.const</name>
         <load_address>0x8075</load_address>
         <run_address>0x8075</run_address>
         <size>0x2</size>
         <input_file_ref idref="fl-4"/>
      </object_component>
      <object_component id="oc-cd">
         <name>.const</name>
         <load_address>0x8078</load_address>
         <run_address>0x8078</run_address>
         <size>0x8</size>
         <input_file_ref idref="fl-12"/>
      </object_component>
      <object_component id="oc-1c5">
         <name>.const</name>
         <load_address>0x8080</load_address>
         <run_address>0x8080</run_address>
         <size>0x4</size>
         <input_file_ref idref="fl-10"/>
      </object_component>
      <object_component id="oc-5cd">
         <name>.cinit..data.load</name>
         <load_address>0x8088</load_address>
         <run_address>0x8088</run_address>
         <size>0x7e</size>
      </object_component>
      <object_component id="oc-5cb">
         <name>__TI_handler_table</name>
         <load_address>0x8108</load_address>
         <run_address>0x8108</run_address>
         <size>0xc</size>
      </object_component>
      <object_component id="oc-5ce">
         <name>.cinit..bss.load</name>
         <load_address>0x8118</load_address>
         <run_address>0x8118</run_address>
         <size>0x8</size>
      </object_component>
      <object_component id="oc-5cc">
         <name>__TI_cinit_table</name>
         <load_address>0x8120</load_address>
         <run_address>0x8120</run_address>
         <size>0x10</size>
      </object_component>
      <object_component id="oc-59f">
         <name>.binit</name>
         <load_address>0x0</load_address>
         <run_address>0x0</run_address>
         <size>0x0</size>
      </object_component>
      <object_component id="oc-196">
         <name>.data</name>
         <load_address>0x200089d0</load_address>
         <run_address>0x200089d0</run_address>
         <size>0x4</size>
         <input_file_ref idref="fl-6"/>
      </object_component>
      <object_component id="oc-107">
         <name>.data</name>
         <load_address>0x200089c4</load_address>
         <run_address>0x200089c4</run_address>
         <size>0x6</size>
         <input_file_ref idref="fl-7"/>
      </object_component>
      <object_component id="oc-11f">
         <name>.data</name>
         <load_address>0x200089bc</load_address>
         <run_address>0x200089bc</run_address>
         <size>0x8</size>
         <input_file_ref idref="fl-8"/>
      </object_component>
      <object_component id="oc-27c">
         <name>.data</name>
         <load_address>0x20008954</load_address>
         <run_address>0x20008954</run_address>
         <size>0x18</size>
         <input_file_ref idref="fl-c"/>
      </object_component>
      <object_component id="oc-ca">
         <name>.data</name>
         <load_address>0x20008920</load_address>
         <run_address>0x20008920</run_address>
         <size>0x34</size>
         <input_file_ref idref="fl-10"/>
      </object_component>
      <object_component id="oc-291">
         <name>.data</name>
         <load_address>0x200089a0</load_address>
         <run_address>0x200089a0</run_address>
         <size>0xc</size>
         <input_file_ref idref="fl-11"/>
      </object_component>
      <object_component id="oc-d7">
         <name>.data</name>
         <load_address>0x2000896c</load_address>
         <run_address>0x2000896c</run_address>
         <size>0x18</size>
         <input_file_ref idref="fl-12"/>
      </object_component>
      <object_component id="oc-24d">
         <name>.data:$O1$$</name>
         <load_address>0x20008994</load_address>
         <run_address>0x20008994</run_address>
         <size>0xc</size>
         <input_file_ref idref="fl-e1"/>
      </object_component>
      <object_component id="oc-1f9">
         <name>.data:$O1$$</name>
         <load_address>0x200089ac</load_address>
         <run_address>0x200089ac</run_address>
         <size>0x8</size>
         <input_file_ref idref="fl-e2"/>
      </object_component>
      <object_component id="oc-1fc">
         <name>.data:_ftable</name>
         <load_address>0x20008768</load_address>
         <run_address>0x20008768</run_address>
         <size>0xf0</size>
         <input_file_ref idref="fl-e6"/>
      </object_component>
      <object_component id="oc-4d4">
         <name>.data</name>
         <load_address>0x20008984</load_address>
         <run_address>0x20008984</run_address>
         <size>0x10</size>
         <input_file_ref idref="fl-e6"/>
      </object_component>
      <object_component id="oc-50a">
         <name>.data:$O1$$</name>
         <load_address>0x200089b4</load_address>
         <run_address>0x200089b4</run_address>
         <size>0x8</size>
         <input_file_ref idref="fl-ea"/>
      </object_component>
      <object_component id="oc-3d9">
         <name>.data</name>
         <load_address>0x200089cc</load_address>
         <run_address>0x200089cc</run_address>
         <size>0x4</size>
         <input_file_ref idref="fl-ed"/>
      </object_component>
      <object_component id="oc-4a4">
         <name>.data:_device</name>
         <load_address>0x20008858</load_address>
         <run_address>0x20008858</run_address>
         <size>0x78</size>
         <input_file_ref idref="fl-f0"/>
      </object_component>
      <object_component id="oc-467">
         <name>.data:_stream</name>
         <load_address>0x200088d0</load_address>
         <run_address>0x200088d0</run_address>
         <size>0x50</size>
         <input_file_ref idref="fl-f0"/>
      </object_component>
      <object_component id="oc-282">
         <name>.bss:ucHeap</name>
         <uninitialized>true</uninitialized>
         <run_address>0x20000000</run_address>
         <size>0x8000</size>
         <input_file_ref idref="fl-c"/>
      </object_component>
      <object_component id="oc-27f">
         <name>.bss:xStart</name>
         <uninitialized>true</uninitialized>
         <run_address>0x2000833c</run_address>
         <size>0x8</size>
         <input_file_ref idref="fl-c"/>
      </object_component>
      <object_component id="oc-1b0">
         <name>.bss:pxReadyTasksLists</name>
         <uninitialized>true</uninitialized>
         <run_address>0x20008120</run_address>
         <size>0xc8</size>
         <input_file_ref idref="fl-10"/>
      </object_component>
      <object_component id="oc-1c8">
         <name>.bss:xDelayedTaskList1</name>
         <uninitialized>true</uninitialized>
         <run_address>0x200082b0</run_address>
         <size>0x14</size>
         <input_file_ref idref="fl-10"/>
      </object_component>
      <object_component id="oc-1cb">
         <name>.bss:xDelayedTaskList2</name>
         <uninitialized>true</uninitialized>
         <run_address>0x200082c4</run_address>
         <size>0x14</size>
         <input_file_ref idref="fl-10"/>
      </object_component>
      <object_component id="oc-1b6">
         <name>.bss</name>
         <uninitialized>true</uninitialized>
         <run_address>0x2000832c</run_address>
         <size>0x8</size>
         <input_file_ref idref="fl-10"/>
      </object_component>
      <object_component id="oc-1c2">
         <name>.bss:xPendingReadyList</name>
         <uninitialized>true</uninitialized>
         <run_address>0x200082d8</run_address>
         <size>0x14</size>
         <input_file_ref idref="fl-10"/>
      </object_component>
      <object_component id="oc-1b3">
         <name>.bss:xTasksWaitingTermination</name>
         <uninitialized>true</uninitialized>
         <run_address>0x20008300</run_address>
         <size>0x14</size>
         <input_file_ref idref="fl-10"/>
      </object_component>
      <object_component id="oc-1b9">
         <name>.bss:xSuspendedTaskList</name>
         <uninitialized>true</uninitialized>
         <run_address>0x200082ec</run_address>
         <size>0x14</size>
         <input_file_ref idref="fl-10"/>
      </object_component>
      <object_component id="oc-297">
         <name>.bss:xActiveTimerList1</name>
         <uninitialized>true</uninitialized>
         <run_address>0x20008288</run_address>
         <size>0x14</size>
         <input_file_ref idref="fl-11"/>
      </object_component>
      <object_component id="oc-29a">
         <name>.bss:xActiveTimerList2</name>
         <uninitialized>true</uninitialized>
         <run_address>0x2000829c</run_address>
         <size>0x14</size>
         <input_file_ref idref="fl-11"/>
      </object_component>
      <object_component id="oc-294">
         <name>.bss</name>
         <uninitialized>true</uninitialized>
         <run_address>0x20008334</run_address>
         <size>0x8</size>
         <input_file_ref idref="fl-11"/>
      </object_component>
      <object_component id="oc-558">
         <name>.bss:_CIOBUF_</name>
         <uninitialized>true</uninitialized>
         <run_address>0x20008000</run_address>
         <size>0x120</size>
         <input_file_ref idref="fl-101"/>
      </object_component>
      <object_component id="oc-10b">
         <name>.common:Task_Console_Handle</name>
         <uninitialized>true</uninitialized>
         <run_address>0x20008354</run_address>
         <size>0x4</size>
      </object_component>
      <object_component id="oc-106">
         <name>.common:Sem_Console</name>
         <uninitialized>true</uninitialized>
         <run_address>0x20008350</run_address>
         <size>0x4</size>
      </object_component>
      <object_component id="oc-103">
         <name>.common:RX_ARRAY</name>
         <uninitialized>true</uninitialized>
         <run_address>0x20008320</run_address>
         <size>0xc</size>
      </object_component>
      <object_component id="oc-10a">
         <name>.common:NUM_ARRAY</name>
         <uninitialized>true</uninitialized>
         <run_address>0x20008314</run_address>
         <size>0xc</size>
      </object_component>
      <object_component id="oc-122">
         <name>.common:Task_Joystick_Handle</name>
         <uninitialized>true</uninitialized>
         <run_address>0x20008358</run_address>
         <size>0x4</size>
      </object_component>
      <object_component id="oc-150">
         <name>.common:Task_Joystick_Timer_Handle</name>
         <uninitialized>true</uninitialized>
         <run_address>0x2000835c</run_address>
         <size>0x4</size>
      </object_component>
      <object_component id="oc-14f">
         <name>.common:Task_Space_Ship_Handle</name>
         <uninitialized>true</uninitialized>
         <run_address>0x20008360</run_address>
         <size>0x4</size>
      </object_component>
      <object_component id="oc-10c">
         <name>.common:Queue_Space_Ship</name>
         <uninitialized>true</uninitialized>
         <run_address>0x2000834c</run_address>
         <size>0x4</size>
      </object_component>
      <object_component id="oc-522">
         <name>.common:__TI_tmpnams</name>
         <uninitialized>true</uninitialized>
         <run_address>0x200081e8</run_address>
         <size>0xa0</size>
      </object_component>
      <object_component id="oc-533">
         <name>.common:parmbuf</name>
         <uninitialized>true</uninitialized>
         <run_address>0x20008344</run_address>
         <size>0x8</size>
      </object_component>
      <object_component id="oc-29">
         <name>.sysmem</name>
         <uninitialized>true</uninitialized>
         <run_address>0x20008368</run_address>
         <size>0x10</size>
         <input_file_ref idref="fl-ea"/>
      </object_component>
      <object_component id="oc-5d1">
         <name>.sysmem</name>
         <uninitialized>true</uninitialized>
         <run_address>0x20008368</run_address>
         <size>0x0</size>
      </object_component>
      <object_component id="oc-2c">
         <name>.stack</name>
         <uninitialized>true</uninitialized>
         <run_address>0x2000fe00</run_address>
         <size>0x4</size>
         <input_file_ref idref="fl-ee"/>
      </object_component>
      <object_component id="oc-5d0">
         <name>.stack</name>
         <uninitialized>true</uninitialized>
         <run_address>0x2000fe00</run_address>
         <size>0x0</size>
      </object_component>
      <object_component id="oc-238">
         <name>.debug_info</name>
         <load_address>0x0</load_address>
         <run_address>0x0</run_address>
         <size>0x55b</size>
         <input_file_ref idref="fl-2"/>
      </object_component>
      <object_component id="oc-241">
         <name>.debug_info</name>
         <load_address>0x55b</load_address>
         <run_address>0x55b</run_address>
         <size>0xe0e</size>
         <input_file_ref idref="fl-2"/>
      </object_component>
      <object_component id="oc-11a">
         <name>.debug_info</name>
         <load_address>0x1369</load_address>
         <run_address>0x1369</run_address>
         <size>0x37e2</size>
         <input_file_ref idref="fl-2"/>
      </object_component>
      <object_component id="oc-128">
         <name>.debug_info</name>
         <load_address>0x4b4b</load_address>
         <run_address>0x4b4b</run_address>
         <size>0x26b</size>
         <input_file_ref idref="fl-2"/>
      </object_component>
      <object_component id="oc-21b">
         <name>.debug_info</name>
         <load_address>0x4db6</load_address>
         <run_address>0x4db6</run_address>
         <size>0x1055</size>
         <input_file_ref idref="fl-2"/>
      </object_component>
      <object_component id="oc-35">
         <name>.debug_info</name>
         <load_address>0x5e0b</load_address>
         <run_address>0x5e0b</run_address>
         <size>0x84</size>
         <input_file_ref idref="fl-2"/>
      </object_component>
      <object_component id="oc-1e2">
         <name>.debug_info</name>
         <load_address>0x5e8f</load_address>
         <run_address>0x5e8f</run_address>
         <size>0x2a4</size>
         <input_file_ref idref="fl-2"/>
      </object_component>
      <object_component id="oc-e6">
         <name>.debug_info</name>
         <load_address>0x6133</load_address>
         <run_address>0x6133</run_address>
         <size>0xbb</size>
         <input_file_ref idref="fl-2"/>
      </object_component>
      <object_component id="oc-157">
         <name>.debug_info</name>
         <load_address>0x61ee</load_address>
         <run_address>0x61ee</run_address>
         <size>0x98a</size>
         <input_file_ref idref="fl-3"/>
      </object_component>
      <object_component id="oc-b4">
         <name>.debug_info</name>
         <load_address>0x6b78</load_address>
         <run_address>0x6b78</run_address>
         <size>0x314</size>
         <input_file_ref idref="fl-3"/>
      </object_component>
      <object_component id="oc-115">
         <name>.debug_info</name>
         <load_address>0x6e8c</load_address>
         <run_address>0x6e8c</run_address>
         <size>0xab</size>
         <input_file_ref idref="fl-3"/>
      </object_component>
      <object_component id="oc-152">
         <name>.debug_info</name>
         <load_address>0x6f37</load_address>
         <run_address>0x6f37</run_address>
         <size>0x315</size>
         <input_file_ref idref="fl-3"/>
      </object_component>
      <object_component id="oc-22a">
         <name>.debug_info</name>
         <load_address>0x724c</load_address>
         <run_address>0x724c</run_address>
         <size>0x48b</size>
         <input_file_ref idref="fl-3"/>
      </object_component>
      <object_component id="oc-220">
         <name>.debug_info</name>
         <load_address>0x76d7</load_address>
         <run_address>0x76d7</run_address>
         <size>0x4f</size>
         <input_file_ref idref="fl-3"/>
      </object_component>
      <object_component id="oc-22f">
         <name>.debug_info</name>
         <load_address>0x7726</load_address>
         <run_address>0x7726</run_address>
         <size>0x2c</size>
         <input_file_ref idref="fl-3"/>
      </object_component>
      <object_component id="oc-dc">
         <name>.debug_info</name>
         <load_address>0x7752</load_address>
         <run_address>0x7752</run_address>
         <size>0x2c</size>
         <input_file_ref idref="fl-3"/>
      </object_component>
      <object_component id="oc-e1">
         <name>.debug_info</name>
         <load_address>0x777e</load_address>
         <run_address>0x777e</run_address>
         <size>0x53</size>
         <input_file_ref idref="fl-3"/>
      </object_component>
      <object_component id="oc-225">
         <name>.debug_info</name>
         <load_address>0x77d1</load_address>
         <run_address>0x77d1</run_address>
         <size>0xcc</size>
         <input_file_ref idref="fl-3"/>
      </object_component>
      <object_component id="oc-20d">
         <name>.debug_info</name>
         <load_address>0x789d</load_address>
         <run_address>0x789d</run_address>
         <size>0x2c</size>
         <input_file_ref idref="fl-3"/>
      </object_component>
      <object_component id="oc-1d8">
         <name>.debug_info</name>
         <load_address>0x78c9</load_address>
         <run_address>0x78c9</run_address>
         <size>0x14c</size>
         <input_file_ref idref="fl-3"/>
      </object_component>
      <object_component id="oc-32a">
         <name>.debug_info</name>
         <load_address>0x7a15</load_address>
         <run_address>0x7a15</run_address>
         <size>0xe2</size>
         <input_file_ref idref="fl-4"/>
      </object_component>
      <object_component id="oc-247">
         <name>.debug_info</name>
         <load_address>0x7af7</load_address>
         <run_address>0x7af7</run_address>
         <size>0xf0</size>
         <input_file_ref idref="fl-4"/>
      </object_component>
      <object_component id="oc-244">
         <name>.debug_info</name>
         <load_address>0x7be7</load_address>
         <run_address>0x7be7</run_address>
         <size>0x135</size>
         <input_file_ref idref="fl-4"/>
      </object_component>
      <object_component id="oc-89">
         <name>.debug_info</name>
         <load_address>0x7d1c</load_address>
         <run_address>0x7d1c</run_address>
         <size>0x34f</size>
         <input_file_ref idref="fl-5"/>
      </object_component>
      <object_component id="oc-27">
         <name>.debug_info</name>
         <load_address>0x806b</load_address>
         <run_address>0x806b</run_address>
         <size>0xfb</size>
         <input_file_ref idref="fl-5"/>
      </object_component>
      <object_component id="oc-6b">
         <name>.debug_info</name>
         <load_address>0x8166</load_address>
         <run_address>0x8166</run_address>
         <size>0x1c2</size>
         <input_file_ref idref="fl-5"/>
      </object_component>
      <object_component id="oc-197">
         <name>.debug_info</name>
         <load_address>0x8328</load_address>
         <run_address>0x8328</run_address>
         <size>0xf4</size>
         <input_file_ref idref="fl-6"/>
      </object_component>
      <object_component id="oc-c6">
         <name>.debug_info</name>
         <load_address>0x841c</load_address>
         <run_address>0x841c</run_address>
         <size>0x266</size>
         <input_file_ref idref="fl-6"/>
      </object_component>
      <object_component id="oc-104">
         <name>.debug_info</name>
         <load_address>0x8682</load_address>
         <run_address>0x8682</run_address>
         <size>0x97f</size>
         <input_file_ref idref="fl-7"/>
      </object_component>
      <object_component id="oc-108">
         <name>.debug_info</name>
         <load_address>0x9001</load_address>
         <run_address>0x9001</run_address>
         <size>0x120</size>
         <input_file_ref idref="fl-7"/>
      </object_component>
      <object_component id="oc-7c">
         <name>.debug_info</name>
         <load_address>0x9121</load_address>
         <run_address>0x9121</run_address>
         <size>0x719</size>
         <input_file_ref idref="fl-7"/>
      </object_component>
      <object_component id="oc-110">
         <name>.debug_info</name>
         <load_address>0x983a</load_address>
         <run_address>0x983a</run_address>
         <size>0x8b</size>
         <input_file_ref idref="fl-7"/>
      </object_component>
      <object_component id="oc-123">
         <name>.debug_info</name>
         <load_address>0x98c5</load_address>
         <run_address>0x98c5</run_address>
         <size>0x858</size>
         <input_file_ref idref="fl-8"/>
      </object_component>
      <object_component id="oc-120">
         <name>.debug_info</name>
         <load_address>0xa11d</load_address>
         <run_address>0xa11d</run_address>
         <size>0x11a</size>
         <input_file_ref idref="fl-8"/>
      </object_component>
      <object_component id="oc-82">
         <name>.debug_info</name>
         <load_address>0xa237</load_address>
         <run_address>0xa237</run_address>
         <size>0x626</size>
         <input_file_ref idref="fl-8"/>
      </object_component>
      <object_component id="oc-10d">
         <name>.debug_info</name>
         <load_address>0xa85d</load_address>
         <run_address>0xa85d</run_address>
         <size>0x8e3</size>
         <input_file_ref idref="fl-9"/>
      </object_component>
      <object_component id="oc-14c">
         <name>.debug_info</name>
         <load_address>0xb140</load_address>
         <run_address>0xb140</run_address>
         <size>0x2f9</size>
         <input_file_ref idref="fl-9"/>
      </object_component>
      <object_component id="oc-2b1">
         <name>.debug_info</name>
         <load_address>0xb439</load_address>
         <run_address>0xb439</run_address>
         <size>0x26b</size>
         <input_file_ref idref="fl-a"/>
      </object_component>
      <object_component id="oc-1dd">
         <name>.debug_info</name>
         <load_address>0xb6a4</load_address>
         <run_address>0xb6a4</run_address>
         <size>0x48b</size>
         <input_file_ref idref="fl-a"/>
      </object_component>
      <object_component id="oc-364">
         <name>.debug_info</name>
         <load_address>0xbb2f</load_address>
         <run_address>0xbb2f</run_address>
         <size>0xcc</size>
         <input_file_ref idref="fl-a"/>
      </object_component>
      <object_component id="oc-1d3">
         <name>.debug_info</name>
         <load_address>0xbbfb</load_address>
         <run_address>0xbbfb</run_address>
         <size>0x53</size>
         <input_file_ref idref="fl-a"/>
      </object_component>
      <object_component id="oc-2b9">
         <name>.debug_info</name>
         <load_address>0xbc4e</load_address>
         <run_address>0xbc4e</run_address>
         <size>0x6c6</size>
         <input_file_ref idref="fl-b"/>
      </object_component>
      <object_component id="oc-1ee">
         <name>.debug_info</name>
         <load_address>0xc314</load_address>
         <run_address>0xc314</run_address>
         <size>0x110</size>
         <input_file_ref idref="fl-b"/>
      </object_component>
      <object_component id="oc-277">
         <name>.debug_info</name>
         <load_address>0xc424</load_address>
         <run_address>0xc424</run_address>
         <size>0x48b</size>
         <input_file_ref idref="fl-b"/>
      </object_component>
      <object_component id="oc-36b">
         <name>.debug_info</name>
         <load_address>0xc8af</load_address>
         <run_address>0xc8af</run_address>
         <size>0x76</size>
         <input_file_ref idref="fl-b"/>
      </object_component>
      <object_component id="oc-370">
         <name>.debug_info</name>
         <load_address>0xc925</load_address>
         <run_address>0xc925</run_address>
         <size>0x39</size>
         <input_file_ref idref="fl-b"/>
      </object_component>
      <object_component id="oc-351">
         <name>.debug_info</name>
         <load_address>0xc95e</load_address>
         <run_address>0xc95e</run_address>
         <size>0x109</size>
         <input_file_ref idref="fl-b"/>
      </object_component>
      <object_component id="oc-26d">
         <name>.debug_info</name>
         <load_address>0xca67</load_address>
         <run_address>0xca67</run_address>
         <size>0x4f</size>
         <input_file_ref idref="fl-b"/>
      </object_component>
      <object_component id="oc-286">
         <name>.debug_info</name>
         <load_address>0xcab6</load_address>
         <run_address>0xcab6</run_address>
         <size>0x4f5</size>
         <input_file_ref idref="fl-c"/>
      </object_component>
      <object_component id="oc-283">
         <name>.debug_info</name>
         <load_address>0xcfab</load_address>
         <run_address>0xcfab</run_address>
         <size>0x10e</size>
         <input_file_ref idref="fl-c"/>
      </object_component>
      <object_component id="oc-280">
         <name>.debug_info</name>
         <load_address>0xd0b9</load_address>
         <run_address>0xd0b9</run_address>
         <size>0x10e</size>
         <input_file_ref idref="fl-c"/>
      </object_component>
      <object_component id="oc-27d">
         <name>.debug_info</name>
         <load_address>0xd1c7</load_address>
         <run_address>0xd1c7</run_address>
         <size>0x24e</size>
         <input_file_ref idref="fl-c"/>
      </object_component>
      <object_component id="oc-1a5">
         <name>.debug_info</name>
         <load_address>0xd415</load_address>
         <run_address>0xd415</run_address>
         <size>0xb63</size>
         <input_file_ref idref="fl-c"/>
      </object_component>
      <object_component id="oc-348">
         <name>.debug_info</name>
         <load_address>0xdf78</load_address>
         <run_address>0xdf78</run_address>
         <size>0x62</size>
         <input_file_ref idref="fl-c"/>
      </object_component>
      <object_component id="oc-288">
         <name>.debug_info</name>
         <load_address>0xdfda</load_address>
         <run_address>0xdfda</run_address>
         <size>0x3c4</size>
         <input_file_ref idref="fl-d"/>
      </object_component>
      <object_component id="oc-1ac">
         <name>.debug_info</name>
         <load_address>0xe39e</load_address>
         <run_address>0xe39e</run_address>
         <size>0x6c0</size>
         <input_file_ref idref="fl-d"/>
      </object_component>
      <object_component id="oc-1ed">
         <name>.debug_info</name>
         <load_address>0xea5e</load_address>
         <run_address>0xea5e</run_address>
         <size>0x92a</size>
         <input_file_ref idref="fl-e"/>
      </object_component>
      <object_component id="oc-ed">
         <name>.debug_info</name>
         <load_address>0xf388</load_address>
         <run_address>0xf388</run_address>
         <size>0x4148</size>
         <input_file_ref idref="fl-e"/>
      </object_component>
      <object_component id="oc-2b4">
         <name>.debug_info</name>
         <load_address>0x134d0</load_address>
         <run_address>0x134d0</run_address>
         <size>0x1ef</size>
         <input_file_ref idref="fl-e"/>
      </object_component>
      <object_component id="oc-1e8">
         <name>.debug_info</name>
         <load_address>0x136bf</load_address>
         <run_address>0x136bf</run_address>
         <size>0x46</size>
         <input_file_ref idref="fl-e"/>
      </object_component>
      <object_component id="oc-140">
         <name>.debug_info</name>
         <load_address>0x13705</load_address>
         <run_address>0x13705</run_address>
         <size>0x2c</size>
         <input_file_ref idref="fl-f"/>
      </object_component>
      <object_component id="oc-19c">
         <name>.debug_info</name>
         <load_address>0x13731</load_address>
         <run_address>0x13731</run_address>
         <size>0x8d9</size>
         <input_file_ref idref="fl-10"/>
      </object_component>
      <object_component id="oc-cb">
         <name>.debug_info</name>
         <load_address>0x1400a</load_address>
         <run_address>0x1400a</run_address>
         <size>0x37b</size>
         <input_file_ref idref="fl-10"/>
      </object_component>
      <object_component id="oc-1b1">
         <name>.debug_info</name>
         <load_address>0x14385</load_address>
         <run_address>0x14385</run_address>
         <size>0x124</size>
         <input_file_ref idref="fl-10"/>
      </object_component>
      <object_component id="oc-1c9">
         <name>.debug_info</name>
         <load_address>0x144a9</load_address>
         <run_address>0x144a9</run_address>
         <size>0x124</size>
         <input_file_ref idref="fl-10"/>
      </object_component>
      <object_component id="oc-1cc">
         <name>.debug_info</name>
         <load_address>0x145cd</load_address>
         <run_address>0x145cd</run_address>
         <size>0x124</size>
         <input_file_ref idref="fl-10"/>
      </object_component>
      <object_component id="oc-1b7">
         <name>.debug_info</name>
         <load_address>0x146f1</load_address>
         <run_address>0x146f1</run_address>
         <size>0x167</size>
         <input_file_ref idref="fl-10"/>
      </object_component>
      <object_component id="oc-1c3">
         <name>.debug_info</name>
         <load_address>0x14858</load_address>
         <run_address>0x14858</run_address>
         <size>0x124</size>
         <input_file_ref idref="fl-10"/>
      </object_component>
      <object_component id="oc-1b4">
         <name>.debug_info</name>
         <load_address>0x1497c</load_address>
         <run_address>0x1497c</run_address>
         <size>0x132</size>
         <input_file_ref idref="fl-10"/>
      </object_component>
      <object_component id="oc-1ba">
         <name>.debug_info</name>
         <load_address>0x14aae</load_address>
         <run_address>0x14aae</run_address>
         <size>0x126</size>
         <input_file_ref idref="fl-10"/>
      </object_component>
      <object_component id="oc-1c6">
         <name>.debug_info</name>
         <load_address>0x14bd4</load_address>
         <run_address>0x14bd4</run_address>
         <size>0x125</size>
         <input_file_ref idref="fl-10"/>
      </object_component>
      <object_component id="oc-d3">
         <name>.debug_info</name>
         <load_address>0x14cf9</load_address>
         <run_address>0x14cf9</run_address>
         <size>0x7205</size>
         <input_file_ref idref="fl-10"/>
      </object_component>
      <object_component id="oc-19d">
         <name>.debug_info</name>
         <load_address>0x1befe</load_address>
         <run_address>0x1befe</run_address>
         <size>0x30c</size>
         <input_file_ref idref="fl-10"/>
      </object_component>
      <object_component id="oc-272">
         <name>.debug_info</name>
         <load_address>0x1c20a</load_address>
         <run_address>0x1c20a</run_address>
         <size>0x16e</size>
         <input_file_ref idref="fl-10"/>
      </object_component>
      <object_component id="oc-2a3">
         <name>.debug_info</name>
         <load_address>0x1c378</load_address>
         <run_address>0x1c378</run_address>
         <size>0x865</size>
         <input_file_ref idref="fl-11"/>
      </object_component>
      <object_component id="oc-298">
         <name>.debug_info</name>
         <load_address>0x1cbdd</load_address>
         <run_address>0x1cbdd</run_address>
         <size>0x124</size>
         <input_file_ref idref="fl-11"/>
      </object_component>
      <object_component id="oc-29b">
         <name>.debug_info</name>
         <load_address>0x1cd01</load_address>
         <run_address>0x1cd01</run_address>
         <size>0x124</size>
         <input_file_ref idref="fl-11"/>
      </object_component>
      <object_component id="oc-295">
         <name>.debug_info</name>
         <load_address>0x1ce25</load_address>
         <run_address>0x1ce25</run_address>
         <size>0x15c</size>
         <input_file_ref idref="fl-11"/>
      </object_component>
      <object_component id="oc-292">
         <name>.debug_info</name>
         <load_address>0x1cf81</load_address>
         <run_address>0x1cf81</run_address>
         <size>0x148</size>
         <input_file_ref idref="fl-11"/>
      </object_component>
      <object_component id="oc-1be">
         <name>.debug_info</name>
         <load_address>0x1d0c9</load_address>
         <run_address>0x1d0c9</run_address>
         <size>0x27a0</size>
         <input_file_ref idref="fl-11"/>
      </object_component>
      <object_component id="oc-2a4">
         <name>.debug_info</name>
         <load_address>0x1f869</load_address>
         <run_address>0x1f869</run_address>
         <size>0x1ce</size>
         <input_file_ref idref="fl-11"/>
      </object_component>
      <object_component id="oc-29e">
         <name>.debug_info</name>
         <load_address>0x1fa37</load_address>
         <run_address>0x1fa37</run_address>
         <size>0x46</size>
         <input_file_ref idref="fl-11"/>
      </object_component>
      <object_component id="oc-db">
         <name>.debug_info</name>
         <load_address>0x1fa7d</load_address>
         <run_address>0x1fa7d</run_address>
         <size>0x541</size>
         <input_file_ref idref="fl-12"/>
      </object_component>
      <object_component id="oc-ce">
         <name>.debug_info</name>
[...]
         <name>__aeabi_memset8</name>
         <value>0x71b7</value>
         <object_component_ref idref="oc-a5"/>
      </symbol>
      <symbol id="sm-ab3">
         <name>__aeabi_memset4</name>
         <value>0x71b7</value>
         <object_component_ref idref="oc-a5"/>
      </symbol>
      <symbol id="sm-ab4">
         <name>__aeabi_memclr8</name>
         <value>0x71b5</value>
         <object_component_ref idref="oc-a5"/>
      </symbol>
      <symbol id="sm-ab5">
         <name>__aeabi_memclr4</name>
         <value>0x71b5</value>
         <object_component_ref idref="oc-a5"/>
      </symbol>
      <symbol id="sm-ab6">
         <name>__aeabi_memclr</name>
         <value>0x71b5</value>
         <object_component_ref idref="oc-a5"/>
      </symbol>
      <symbol id="sm-acd">
         <name>__aeabi_dsub</name>
         <value>0x5ec5</value>
         <object_component_ref idref="oc-39d"/>
      </symbol>
      <symbol id="sm-ace">
         <name>__aeabi_dadd</name>
         <value>0x5ecf</value>
         <object_component_ref idref="oc-39d"/>
      </symbol>
      <symbol id="sm-af0">
         <name>__aeabi_cdcmpeq</name>
         <value>0x70a9</value>
         <object_component_ref idref="oc-2c6"/>
      </symbol>
      <symbol id="sm-af1">
         <name>__aeabi_cdcmple</name>
         <value>0x70a9</value>
         <object_component_ref idref="oc-2c6"/>
      </symbol>
      <symbol id="sm-af2">
         <name>__aeabi_cdrcmple</name>
         <value>0x712f</value>
         <object_component_ref idref="oc-388"/>
      </symbol>
      <symbol id="sm-b06">
         <name>__aeabi_ddiv</name>
         <value>0x6485</value>
         <object_component_ref idref="oc-383"/>
      </symbol>
      <symbol id="sm-b11">
         <name>__aeabi_dmul</name>
         <value>0x6b2d</value>
         <object_component_ref idref="oc-37e"/>
      </symbol>
      <symbol id="sm-b1b">
         <name>__aeabi_d2iz</name>
         <value>0x799d</value>
         <object_component_ref idref="oc-38d"/>
      </symbol>
      <symbol id="sm-b25">
         <name>__aeabi_i2d</name>
         <value>0x7c71</value>
         <object_component_ref idref="oc-398"/>
      </symbol>
      <symbol id="sm-b40">
         <name>memcpy</name>
         <value>0x6f77</value>
         <object_component_ref idref="oc-3a"/>
      </symbol>
      <symbol id="sm-b41">
         <name>__aeabi_memcpy</name>
         <value>0x6f77</value>
         <object_component_ref idref="oc-3a"/>
      </symbol>
      <symbol id="sm-b42">
         <name>__aeabi_memcpy8</name>
         <value>0x6f77</value>
         <object_component_ref idref="oc-3a"/>
      </symbol>
      <symbol id="sm-b43">
         <name>__aeabi_memcpy4</name>
         <value>0x6f77</value>
         <object_component_ref idref="oc-3a"/>
      </symbol>
      <symbol id="sm-b55">
         <name>__TI_zero_init</name>
         <value>0x7e4d</value>
         <object_component_ref idref="oc-4c"/>
      </symbol>
      <symbol id="sm-b6c">
         <name>__TI_decompress_none</name>
         <value>0x7e31</value>
         <object_component_ref idref="oc-1d"/>
      </symbol>
      <symbol id="sm-b8f">
         <name>__TI_decompress_lzss</name>
         <value>0x7459</value>
         <object_component_ref idref="oc-17"/>
      </symbol>
      <symbol id="sm-bb5">
         <name>C$$EXIT</name>
         <value>0x7e75</value>
         <object_component_ref idref="oc-158"/>
      </symbol>
      <symbol id="sm-bb6">
         <name>abort</name>
         <value>0x7e75</value>
         <object_component_ref idref="oc-158"/>
      </symbol>
      <symbol id="sm-bb7">
         <name>__TI_dtors_ptr</name>
         <value>0x20008998</value>
         <object_component_ref idref="oc-24d"/>
      </symbol>
      <symbol id="sm-bb8">
         <name>__TI_cleanup_ptr</name>
         <value>0x20008994</value>
         <object_component_ref idref="oc-24d"/>
      </symbol>
      <symbol id="sm-bb9">
         <name>__TI_enable_exit_profile_output</name>
         <value>0x2000899c</value>
         <object_component_ref idref="oc-24d"/>
      </symbol>
      <symbol id="sm-bba">
         <name>exit</name>
         <value>0x7955</value>
         <object_component_ref idref="oc-15e"/>
      </symbol>
      <symbol id="sm-bcf">
         <name>_nop</name>
         <value>0x3d0b</value>
         <object_component_ref idref="oc-301"/>
      </symbol>
      <symbol id="sm-bd0">
         <name>_lock</name>
         <value>0x200089ac</value>
         <object_component_ref idref="oc-1f9"/>
      </symbol>
      <symbol id="sm-bd1">
         <name>_unlock</name>
         <value>0x200089b0</value>
         <object_component_ref idref="oc-1f9"/>
      </symbol>
      <symbol id="sm-be0">
         <name>__TI_ltoa</name>
         <value>0x7817</value>
         <object_component_ref idref="oc-392"/>
      </symbol>
      <symbol id="sm-bf6">
         <name>atoi</name>
         <value>0x7909</value>
         <object_component_ref idref="oc-fd"/>
      </symbol>
      <symbol id="sm-c01">
         <name>_ctypes_</name>
         <value>0x7e78</value>
         <object_component_ref idref="oc-212"/>
      </symbol>
      <symbol id="sm-c16">
         <name>__TI_tmpnams</name>
         <value>0x200081e8</value>
      </symbol>
      <symbol id="sm-c17">
         <name>__aeabi_stdout</name>
         <value>0x2000898c</value>
         <object_component_ref idref="oc-4d4"/>
      </symbol>
      <symbol id="sm-c18">
         <name>__aeabi_stderr</name>
         <value>0x20008990</value>
         <object_component_ref idref="oc-4d4"/>
      </symbol>
      <symbol id="sm-c19">
         <name>__aeabi_stdin</name>
         <value>0x20008988</value>
         <object_component_ref idref="oc-4d4"/>
      </symbol>
      <symbol id="sm-c1a">
         <name>_ftable</name>
         <value>0x20008768</value>
         <object_component_ref idref="oc-1fc"/>
      </symbol>
      <symbol id="sm-c1b">
         <name>__TI_ft_end</name>
         <value>0x20008984</value>
         <object_component_ref idref="oc-4d4"/>
      </symbol>
      <symbol id="sm-c2a">
         <name>isdigit</name>
         <value>0x7e21</value>
         <object_component_ref idref="oc-f7"/>
      </symbol>
      <symbol id="sm-c3a">
         <name>memccpy</name>
         <value>0x7d81</value>
         <object_component_ref idref="oc-2e3"/>
      </symbol>
      <symbol id="sm-c4a">
         <name>memchr</name>
         <value>0x7d45</value>
         <object_component_ref idref="oc-3fa"/>
      </symbol>
      <symbol id="sm-cd3">
         <name>_sys_memory</name>
         <value>0x20008368</value>
         <object_component_ref idref="oc-29"/>
      </symbol>
      <symbol id="sm-cd4">
         <name>free</name>
         <value>0x6c29</value>
         <object_component_ref idref="oc-485"/>
      </symbol>
      <symbol id="sm-cd5">
         <name>memalign</name>
         <value>0x6a2d</value>
         <object_component_ref idref="oc-4c7"/>
      </symbol>
      <symbol id="sm-cd6">
         <name>malloc</name>
         <value>0x7e61</value>
         <object_component_ref idref="oc-48b"/>
      </symbol>
      <symbol id="sm-cd7">
         <name>aligned_alloc</name>
         <value>0x6a2d</value>
         <object_component_ref idref="oc-4c7"/>
      </symbol>
      <symbol id="sm-ce7">
         <name>strchr</name>
         <value>0x7dcf</value>
         <object_component_ref idref="oc-3c9"/>
      </symbol>
      <symbol id="sm-cf5">
         <name>strlen</name>
         <value>0x7df9</value>
         <object_component_ref idref="oc-2ba"/>
      </symbol>
      <symbol id="sm-d0b">
         <name>__aeabi_errno_addr</name>
         <value>0x7e59</value>
         <object_component_ref idref="oc-2ef"/>
      </symbol>
      <symbol id="sm-d0c">
         <name>errno</name>
         <value>0x200089cc</value>
         <object_component_ref idref="oc-3d9"/>
      </symbol>
      <symbol id="sm-d1f">
         <name>__stack</name>
         <value>0x2000fe00</value>
         <object_component_ref idref="oc-2c"/>
      </symbol>
      <symbol id="sm-d20">
         <name>_c_int00_noargs</name>
         <value>0x7c0d</value>
         <object_component_ref idref="oc-58"/>
      </symbol>
      <symbol id="sm-d3a">
         <name>write</name>
         <value>0x7d1d</value>
         <object_component_ref idref="oc-406"/>
      </symbol>
      <symbol id="sm-d4b">
         <name>_stream</name>
         <value>0x200088d0</value>
         <object_component_ref idref="oc-467"/>
      </symbol>
      <symbol id="sm-d4c">
         <name>_device</name>
         <value>0x20008858</value>
         <object_component_ref idref="oc-4a4"/>
      </symbol>
      <symbol id="sm-d65">
         <name>wcslen</name>
         <value>0x7e0d</value>
         <object_component_ref idref="oc-2e9"/>
      </symbol>
      <symbol id="sm-d75">
         <name>__TI_doflush</name>
         <value>0x78bd</value>
         <object_component_ref idref="oc-400"/>
      </symbol>
      <symbol id="sm-d85">
         <name>__TI_cleanup</name>
         <value>0x7ba5</value>
         <object_component_ref idref="oc-491"/>
      </symbol>
      <symbol id="sm-d97">
         <name>fseek</name>
         <value>0x758d</value>
         <object_component_ref idref="oc-455"/>
      </symbol>
      <symbol id="sm-da1">
         <name>__aeabi_idiv0</name>
         <value>0x607b</value>
         <object_component_ref idref="oc-420"/>
      </symbol>
      <symbol id="sm-da2">
         <name>__aeabi_ldiv0</name>
         <value>0x607b</value>
         <object_component_ref idref="oc-420"/>
      </symbol>
      <symbol id="sm-dca">
         <name>__TI_auto_init_nobinit_nopinit</name>
         <value>0x7a6d</value>
         <object_component_ref idref="oc-164"/>
      </symbol>
      <symbol id="sm-dd4">
         <name>_system_pre_init</name>
         <value>0x7e71</value>
         <object_component_ref idref="oc-ab"/>
      </symbol>
      <symbol id="sm-de7">
         <name>HOSTclose</name>
         <value>0x79e5</value>
         <object_component_ref idref="oc-4e0"/>
      </symbol>
      <symbol id="sm-df8">
         <name>HOSTlseek</name>
         <value>0x73f1</value>
         <object_component_ref idref="oc-4f2"/>
      </symbol>
      <symbol id="sm-e0a">
         <name>parmbuf</name>
         <value>0x20008344</value>
      </symbol>
      <symbol id="sm-e0b">
         <name>HOSTopen</name>
         <value>0x7655</value>
         <object_component_ref idref="oc-4da"/>
      </symbol>
      <symbol id="sm-e1c">
         <name>HOSTread</name>
         <value>0x7711</value>
         <object_component_ref idref="oc-4e6"/>
      </symbol>
      <symbol id="sm-e2d">
         <name>HOSTrename</name>
         <value>0x7385</value>
         <object_component_ref idref="oc-4fe"/>
      </symbol>
      <symbol id="sm-e3e">
         <name>HOSTunlink</name>
         <value>0x7a29</value>
         <object_component_ref idref="oc-4f8"/>
      </symbol>
      <symbol id="sm-e4f">
         <name>HOSTwrite</name>
         <value>0x7769</value>
         <object_component_ref idref="oc-4ec"/>
      </symbol>
      <symbol id="sm-e73">
         <name>__TI_readmsg</name>
         <value>0x7bd9</value>
         <object_component_ref idref="oc-52d"/>
      </symbol>
      <symbol id="sm-e74">
         <name>C$$IO$$</name>
         <value>0x7b63</value>
         <object_component_ref idref="oc-527"/>
      </symbol>
      <symbol id="sm-e75">
         <name>__CIOBUF_</name>
         <value>0x20008000</value>
         <object_component_ref idref="oc-558"/>
      </symbol>
      <symbol id="sm-e76">
         <name>__TI_writemsg</name>
         <value>0x7b35</value>
         <object_component_ref idref="oc-527"/>
      </symbol>
      <symbol id="sm-e87">
         <name>lseek</name>
         <value>0x7cf5</value>
         <object_component_ref idref="oc-47d"/>
      </symbol>
      <symbol id="sm-e9c">
         <name>__TI_closefile</name>
         <value>0x7231</value>
         <object_component_ref idref="oc-4ce"/>
      </symbol>
      <symbol id="sm-ebf">
         <name>finddevice</name>
         <value>0x7c41</value>
         <object_component_ref idref="oc-576"/>
      </symbol>
      <symbol id="sm-ec0">
         <name>getdevice</name>
         <value>0x7ab1</value>
         <object_component_ref idref="oc-54e"/>
      </symbol>
      <symbol id="sm-ecf">
         <name>strcmp</name>
         <value>0x7db7</value>
         <object_component_ref idref="oc-58d"/>
      </symbol>
      <symbol id="sm-edd">
         <name>strcpy</name>
         <value>0x7de5</value>
         <object_component_ref idref="oc-541"/>
      </symbol>
      <symbol id="sm-eed">
         <name>strncpy</name>
         <value>0x7b6d</value>
         <object_component_ref idref="oc-570"/>
      </symbol>
      <symbol id="sm-f02">
         <name>close</name>
         <value>0x76b5</value>
         <object_component_ref idref="oc-516"/>
      </symbol>
      <symbol id="sm-f12">
         <name>unlink</name>
         <value>0x7ca1</value>
         <object_component_ref idref="oc-51c"/>
      </symbol>
      <symbol id="sm-f13">
         <name>__TI_static_base__</name>
         <value>0x0</value>
      </symbol>
      <symbol id="sm-f16">
         <name>__mpu_init</name>
         <value>0x0</value>
      </symbol>
      <symbol id="sm-f17">
         <name>_system_post_cinit</name>
         <value>0x0</value>
      </symbol>
      <symbol id="sm-f18">
         <name>NMI_Handler</name>
         <value>0x7e4b</value>
      </symbol>
      <symbol id="sm-f19">
         <name>HardFault_Handler</name>
         <value>0x7e4b</value>
      </symbol>
      <symbol id="sm-f1a">
         <name>MemManage_Handler</name>
         <value>0x7e4b</value>
      </symbol>
      <symbol id="sm-f1b">
         <name>BusFault_Handler</name>
         <value>0x7e4b</value>
      </symbol>
      <symbol id="sm-f1c">
         <name>UsageFault_Handler</name>
         <value>0x7e4b</value>
      </symbol>
      <symbol id="sm-f1d">
         <name>SVC_Handler</name>
         <value>0x7e4b</value>
      </symbol>
      <symbol id="sm-f1e">
         <name>DebugMon_Handler</name>
         <value>0x7e4b</value>
      </symbol>
      <symbol id="sm-f1f">
         <name>PendSV_Handler</name>
         <value>0x7e4b</value>
      </symbol>
      <symbol id="sm-f20">
         <name>SysTick_Handler</name>
         <value>0x7e4b</value>
      </symbol>
      <symbol id="sm-f21">
         <name>PSS_IRQHandler</name>
         <value>0x7e4b</value>
      </symbol>
      <symbol id="sm-f22">
         <name>CS_IRQHandler</name>
         <value>0x7e4b</value>
      </symbol>
      <symbol id="sm-f23">
         <name>PCM_IRQHandler</name>
         <value>0x7e4b</value>
      </symbol>
      <symbol id="sm-f24">
         <name>WDT_A_IRQHandler</name>
         <value>0x7e4b</value>
      </symbol>
      <symbol id="sm-f25">
         <name>FPU_IRQHandler</name>
         <value>0x7e4b</value>
      </symbol>
      <symbol id="sm-f26">
         <name>FLCTL_IRQHandler</name>
         <value>0x7e4b</value>
      </symbol>
      <symbol id="sm-f27">
         <name>COMP_E0_IRQHandler</name>
         <value>0x7e4b</value>
      </symbol>
      <symbol id="sm-f28">
         <name>COMP_E1_IRQHandler</name>
         <value>0x7e4b</value>
      </symbol>
      <symbol id="sm-f29">
         <name>TA0_0_IRQHandler</name>
         <value>0x7e4b</value>
      </symbol>
      <symbol id="sm-f2a">
         <name>TA0_N_IRQHandler</name>
         <value>0x7e4b</value>
      </symbol>
      <symbol id="sm-f2b">
         <name>TA1_0_IRQHandler</name>
         <value>0x7e4b</value>
      </symbol>
      <symbol id="sm-f2c">
         <name>TA1_N_IRQHandler</name>
         <value>0x7e4b</value>
      </symbol>
      <symbol id="sm-f2d">
         <name>TA2_0_IRQHandler</name>
         <value>0x7e4b</value>
      </symbol>
      <symbol id="sm-f2e">
         <name>TA2_N_IRQHandler</name>
         <value>0x7e4b</value>
      </symbol>
      <symbol id="sm-f2f">
         <name>TA3_0_IRQHandler</name>
         <value>0x7e4b</value>
      </symbol>
      <symbol id="sm-f30">
         <name>TA3_N_IRQHandler</name>
         <value>0x7e4b</value>
      </symbol>
      <symbol id="sm-f31">
         <name>EUSCIA0_IRQHandler</name>
         <value>0x56b1</value>
      </symbol>
      <symbol id="sm-f32">
         <name>EUSCIA1_IRQHandler</name>
         <value>0x7e4b</value>
      </symbol>
      <symbol id="sm-f33">
         <name>EUSCIA2_IRQHandler</name>
         <value>0x7e4b</value>
      </symbol>
      <symbol id="sm-f34">
         <name>EUSCIA3_IRQHandler</name>
         <value>0x7e4b</value>
      </symbol>
      <symbol id="sm-f35">
         <name>EUSCIB0_IRQHandler</name>
         <value>0x7e4b</value>
      </symbol>
      <symbol id="sm-f36">
         <name>EUSCIB1_IRQHandler</name>
         <value>0x7e4b</value>
      </symbol>
      <symbol id="sm-f37">
         <name>EUSCIB2_IRQHandler</name>
         <value>0x7e4b</value>
      </symbol>
      <symbol id="sm-f38">
         <name>EUSCIB3_IRQHandler</name>
         <value>0x7e4b</value>
      </symbol>
      <symbol id="sm-f39">
         <name>ADC14_IRQHandler</name>
         <value>0x5c71</value>
      </symbol>
      <symbol id="sm-f3a">
         <name>T32_INT1_IRQHandler</name>
         <value>0x7e4b</value>
      </symbol>
      <symbol id="sm-f3b">
         <name>T32_INT2_IRQHandler</name>
         <value>0x7e4b</value>
      </symbol>
      <symbol id="sm-f3c">
         <name>T32_INTC_IRQHandler</name>
         <value>0x7e4b</value>
      </symbol>
      <symbol id="sm-f3d">
         <name>AES256_IRQHandler</name>
         <value>0x7e4b</value>
      </symbol>
      <symbol id="sm-f3e">
         <name>RTC_C_IRQHandler</name>
         <value>0x7e4b</value>
      </symbol>
      <symbol id="sm-f3f">
         <name>DMA_ERR_IRQHandler</name>
         <value>0x7e4b</value>
      </symbol>
      <symbol id="sm-f40">
         <name>DMA_INT3_IRQHandler</name>
         <value>0x7e4b</value>
      </symbol>
      <symbol id="sm-f41">
         <name>DMA_INT2_IRQHandler</name>
         <value>0x7e4b</value>
      </symbol>
      <symbol id="sm-f42">
         <name>DMA_INT1_IRQHandler</name>
         <value>0x7e4b</value>
      </symbol>
      <symbol id="sm-f43">
         <name>DMA_INT0_IRQHandler</name>
         <value>0x7e4b</value>
      </symbol>
      <symbol id="sm-f44">
         <name>PORT1_IRQHandler</name>
         <value>0x7e4b</value>
      </symbol>
      <symbol id="sm-f45">
         <name>PORT2_IRQHandler</name>
         <value>0x7e4b</value>
      </symbol>
      <symbol id="sm-f46">
         <name>PORT3_IRQHandler</name>
         <value>0x7e4b</value>
      </symbol>
      <symbol id="sm-f47">
         <name>PORT4_IRQHandler</name>
         <value>0x7e4b</value>
      </symbol>
      <symbol id="sm-f48">
         <name>PORT5_IRQHandler</name>
         <value>0x7e4b</value>
      </symbol>
      <symbol id="sm-f49">
         <name>PORT6_IRQHandler</name>
         <value>0x7e4b</value>
      </symbol>
      <symbol id="sm-f4a">
         <name>remove</name>
         <value>0x7ca1</value>
      </symbol>
   </symbol_table>
   <title>Link successful</title>
</link_info>
